Archive member included to satisfy reference by file (symbol)

/usr/lib/gcc/arm-none-eabi/13.2.1/../../../arm-none-eabi/lib/thumb/v7e-m+fp/hard/libc_nano.a(libc_a-sprintf.o)
                              build/main.o (sprintf)
/usr/lib/gcc/arm-none-eabi/13.2.1/../../../arm-none-eabi/lib/thumb/v7e-m+fp/hard/libc_nano.a(libc_a-impure.o)
                              /usr/lib/gcc/arm-none-eabi/13.2.1/../../../arm-none-eabi/lib/thumb/v7e-m+fp/hard/libc_nano.a(libc_a-sprintf.o) (_impure_ptr)
/usr/lib/gcc/arm-none-eabi/13.2.1/../../../arm-none-eabi/lib/thumb/v7e-m+fp/hard/libc_nano.a(libc_a-nano-svfprintf.o)
                              /usr/lib/gcc/arm-none-eabi/13.2.1/../../../arm-none-eabi/lib/thumb/v7e-m+fp/hard/libc_nano.a(libc_a-sprintf.o) (_svfprintf_r)
/usr/lib/gcc/arm-none-eabi/13.2.1/../../../arm-none-eabi/lib/thumb/v7e-m+fp/hard/libc_nano.a(libc_a-init.o)
                              /usr/lib/gcc/arm-none-eabi/13.2.1/../../../arm-none-eabi/lib/thumb/v7e-m+fp/hard/crt0.o (__libc_init_array)
/usr/lib/gcc/arm-none-eabi/13.2.1/../../../arm-none-eabi/lib/thumb/v7e-m+fp/hard/libc_nano.a(libc_a-sscanf.o)
                              build/main.o (sscanf)
/usr/lib/gcc/arm-none-eabi/13.2.1/../../../arm-none-eabi/lib/thumb/v7e-m+fp/hard/libc_nano.a(libc_a-strlen.o)
                              build/usart_comm.o (strlen)
/usr/lib/gcc/arm-none-eabi/13.2.1/../../../arm-none-eabi/lib/thumb/v7e-m+fp/hard/libc_nano.a(libc_a-memset.o)
                              /usr/lib/gcc/arm-none-eabi/13.2.1/../../../arm-none-eabi/lib/thumb/v7e-m+fp/hard/crt0.o (memset)
/usr/lib/gcc/arm-none-eabi/13.2.1/../../../arm-none-eabi/lib/thumb/v7e-m+fp/hard/libc_nano.a(libc_a-nano-vfprintf_float.o)
                              /usr/lib/gcc/arm-none-eabi/13.2.1/../../../arm-none-eabi/lib/thumb/v7e-m+fp/hard/libc_nano.a(libc_a-nano-svfprintf.o) (_printf_float)
/usr/lib/gcc/arm-none-eabi/13.2.1/../../../arm-none-eabi/lib/thumb/v7e-m+fp/hard/libc_nano.a(libc_a-mallocr.o)
                              /usr/lib/gcc/arm-none-eabi/13.2.1/../../../arm-none-eabi/lib/thumb/v7e-m+fp/hard/libc_nano.a(libc_a-nano-svfprintf.o) (_malloc_r)
/usr/lib/gcc/arm-none-eabi/13.2.1/../../../arm-none-eabi/lib/thumb/v7e-m+fp/hard/libc_nano.a(libc_a-dtoa.o)
                              /usr/lib/gcc/arm-none-eabi/13.2.1/../../../arm-none-eabi/lib/thumb/v7e-m+fp/hard/libc_nano.a(libc_a-nano-vfprintf_float.o) (_dtoa_r)
/usr/lib/gcc/arm-none-eabi/13.2.1/../../../arm-none-eabi/lib/thumb/v7e-m+fp/hard/libc_nano.a(libc_a-freer.o)
                              /usr/lib/gcc/arm-none-eabi/13.2.1/../../../arm-none-eabi/lib/thumb/v7e-m+fp/hard/libc_nano.a(libc_a-nano-svfprintf.o) (_free_r)
/usr/lib/gcc/arm-none-eabi/13.2.1/../../../arm-none-eabi/lib/thumb/v7e-m+fp/hard/libc_nano.a(libc_a-memmove.o)
                              /usr/lib/gcc/arm-none-eabi/13.2.1/../../../arm-none-eabi/lib/thumb/v7e-m+fp/hard/libc_nano.a(libc_a-nano-svfprintf.o) (memmove)
/usr/lib/gcc/arm-none-eabi/13.2.1/../../../arm-none-eabi/lib/thumb/v7e-m+fp/hard/libc_nano.a(libc_a-memchr.o)
                              /usr/lib/gcc/arm-none-eabi/13.2.1/../../../arm-none-eabi/lib/thumb/v7e-m+fp/hard/libc_nano.a(libc_a-nano-svfprintf.o) (memchr)
/usr/lib/gcc/arm-none-eabi/13.2.1/../../../arm-none-eabi/lib/thumb/v7e-m+fp/hard/libc_nano.a(libc_a-memcpy.o)
                              build/usart_comm.o (memcpy)
/usr/lib/gcc/arm-none-eabi/13.2.1/../../../arm-none-eabi/lib/thumb/v7e-m+fp/hard/libc_nano.a(libc_a-malloc.o)
                              /usr/lib/gcc/arm-none-eabi/13.2.1/../../../arm-none-eabi/lib/thumb/v7e-m+fp/hard/libc_nano.a(libc_a-dtoa.o) (malloc)
/usr/lib/gcc/arm-none-eabi/13.2.1/../../../arm-none-eabi/lib/thumb/v7e-m+fp/hard/libc_nano.a(libc_a-strncpy.o)
                              build/usart_comm.o (strncpy)
/usr/lib/gcc/arm-none-eabi/13.2.1/../../../arm-none-eabi/lib/thumb/v7e-m+fp/hard/libc_nano.a(libc_a-reallocr.o)
                              /usr/lib/gcc/arm-none-eabi/13.2.1/../../../arm-none-eabi/lib/thumb/v7e-m+fp/hard/libc_nano.a(libc_a-nano-svfprintf.o) (_realloc_r)
/usr/lib/gcc/arm-none-eabi/13.2.1/../../../arm-none-eabi/lib/thumb/v7e-m+fp/hard/libc_nano.a(libc_a-nano-vfprintf_i.o)
                              /usr/lib/gcc/arm-none-eabi/13.2.1/../../../arm-none-eabi/lib/thumb/v7e-m+fp/hard/libc_nano.a(libc_a-nano-vfprintf_float.o) (_printf_common)
/usr/lib/gcc/arm-none-eabi/13.2.1/../../../arm-none-eabi/lib/thumb/v7e-m+fp/hard/libc_nano.a(libc_a-mlock.o)
                              /usr/lib/gcc/arm-none-eabi/13.2.1/../../../arm-none-eabi/lib/thumb/v7e-m+fp/hard/libc_nano.a(libc_a-mallocr.o) (__malloc_lock)
/usr/lib/gcc/arm-none-eabi/13.2.1/../../../arm-none-eabi/lib/thumb/v7e-m+fp/hard/libc_nano.a(libc_a-strcmp.o)
                              build/main.o (strcmp)
/usr/lib/gcc/arm-none-eabi/13.2.1/../../../arm-none-eabi/lib/thumb/v7e-m+fp/hard/libc_nano.a(libc_a-exit.o)
[...]
Memory Configuration

Name             Origin             Length             Attributes
RAM              0x20000000         0x00020000         xrw
CCMRAM           0x10000000         0x00010000         xrw
FLASH            0x08000000         0x00100000         xr
*default*        0x00000000         0xffffffff

Linker script and memory map

LOAD /usr/lib/gcc/arm-none-eabi/13.2.1/thumb/v7e-m+fp/hard/crti.o
LOAD /usr/lib/gcc/arm-none-eabi/13.2.1/thumb/v7e-m+fp/hard/crtbegin.o
LOAD /usr/lib/gcc/arm-none-eabi/13.2.1/../../../arm-none-eabi/lib/thumb/v7e-m+fp/hard/crt0.o
LOAD build/main.o
LOAD build/gpio.o
LOAD build/tim.o
LOAD build/usart.o
LOAD build/stm32f4xx_it.o
LOAD build/stm32f4xx_hal_msp.o
LOAD build/stm32f4xx_hal_tim.o
LOAD build/stm32f4xx_hal_tim_ex.o
LOAD build/stm32f4xx_hal_rcc.o
LOAD build/stm32f4xx_hal_rcc_ex.o
LOAD build/stm32f4xx_hal_flash.o
LOAD build/stm32f4xx_hal_flash_ex.o
LOAD build/stm32f4xx_hal_flash_ramfunc.o
LOAD build/stm32f4xx_hal_gpio.o
LOAD build/stm32f4xx_hal_dma_ex.o
LOAD build/stm32f4xx_hal_dma.o
LOAD build/stm32f4xx_hal_pwr.o
LOAD build/stm32f4xx_hal_pwr_ex.o
LOAD build/stm32f4xx_hal_cortex.o
LOAD build/stm32f4xx_hal.o
LOAD build/stm32f4xx_hal_exti.o
LOAD build/stm32f4xx_hal_uart.o
LOAD build/system_stm32f4xx.o
LOAD build/usart_comm.o
LOAD build/hcsr04.o
LOAD build/servo.o
LOAD build/startup_stm32f407xx.o
LOAD /usr/lib/gcc/arm-none-eabi/13.2.1/../../../arm-none-eabi/lib/thumb/v7e-m+fp/hard/libc_nano.a
LOAD /usr/lib/gcc/arm-none-eabi/13.2.1/../../../arm-none-eabi/lib/thumb/v7e-m+fp/hard/libm.a
LOAD /usr/lib/gcc/arm-none-eabi/13.2.1/../../../arm-none-eabi/lib/thumb/v7e-m+fp/hard/libnosys.a
START GROUP
LOAD /usr/lib/gcc/arm-none-eabi/13.2.1/thumb/v7e-m+fp/hard/libgcc.a
LOAD /usr/lib/gcc/arm-none-eabi/13.2.1/../../../arm-none-eabi/lib/thumb/v7e-m+fp/hard/libc_nano.a
END GROUP
START GROUP
LOAD /usr/lib/gcc/arm-none-eabi/13.2.1/thumb/v7e-m+fp/hard/libgcc.a
LOAD /usr/lib/gcc/arm-none-eabi/13.2.1/../../../arm-none-eabi/lib/thumb/v7e-m+fp/hard/libc_nano.a
END GROUP
LOAD /usr/lib/gcc/arm-none-eabi/13.2.1/thumb/v7e-m+fp/hard/crtend.o
LOAD /usr/lib/gcc/arm-none-eabi/13.2.1/thumb/v7e-m+fp/hard/crtn.o
                0x20020000                        _estack = (ORIGIN (RAM) + LENGTH (RAM))
                0x00000200                        _Min_Heap_Size = 0x200
                0x00000400                        _Min_Stack_Size = 0x400

.isr_vector     0x08000000      0x188
                0x08000000                        . = ALIGN (0x4)
 *(.isr_vector)
 .isr_vector    0x08000000      0x188 build/startup_stm32f407xx.o
                0x08000000                g_pfnVectors
                0x08000188                        . = ALIGN (0x4)

.text           0x080001c0     0x82b0
                0x080001c0                        . = ALIGN (0x4)
 *(.text)
 .text          0x080001c0       0x88 /usr/lib/gcc/arm-none-eabi/13.2.1/thumb/v7e-m+fp/hard/crtbegin.o
 .text          0x08000248       0x80 /usr/lib/gcc/arm-none-eabi/13.2.1/../../../arm-none-eabi/lib/thumb/v7e-m+fp/hard/libc_nano.a(libc_a-sprintf.o)
                0x08000248                _siprintf_r
                0x08000248                _sprintf_r
                0x08000284                sprintf
                0x08000284                siprintf
 .text          0x080002c8      0x400 /usr/lib/gcc/arm-none-eabi/13.2.1/../../../arm-none-eabi/lib/thumb/v7e-m+fp/hard/libc_nano.a(libc_a-nano-svfprintf.o)
                0x080002c8                __ssputs_r
                0x08000388                __ssprint_r
                0x08000490                _svfprintf_r
                0x08000490                _svfiprintf_r
 .text          0x080006c8       0x50 /usr/lib/gcc/arm-none-eabi/13.2.1/../../../arm-none-eabi/lib/thumb/v7e-m+fp/hard/libc_nano.a(libc_a-init.o)
                0x080006c8                __libc_init_array
 .text          0x08000718       0xb0 /usr/lib/gcc/arm-none-eabi/13.2.1/../../../arm-none-eabi/lib/thumb/v7e-m+fp/hard/libc_nano.a(libc_a-sscanf.o)
                0x08000718                sscanf
                0x08000718                siscanf
                0x08000770                _siscanf_r
                0x08000770                _sscanf_r
 *fill*         0x080007c8       0x38 
 .text          0x08000800       0xd8 /usr/lib/gcc/arm-none-eabi/13.2.1/../../../arm-none-eabi/lib/thumb/v7e-m+fp/hard/libc_nano.a(libc_a-strlen.o)
                0x08000800                strlen
 .text          0x080008d8       0xa4 /usr/lib/gcc/arm-none-eabi/13.2.1/../../../arm-none-eabi/lib/thumb/v7e-m+fp/hard/libc_nano.a(libc_a-memset.o)
                0x080008d8                memset
 .text          0x0800097c      0x6b0 /usr/lib/gcc/arm-none-eabi/13.2.1/../../../arm-none-eabi/lib/thumb/v7e-m+fp/hard/libc_nano.a(libc_a-nano-vfprintf_float.o)
                0x0800097c                __cvt
                0x08000a8c                __exponent
                0x08000b10                _printf_float
 .text          0x0800102c      0x148 /usr/lib/gcc/arm-none-eabi/13.2.1/../../../arm-none-eabi/lib/thumb/v7e-m+fp/hard/libc_nano.a(libc_a-mallocr.o)
                0x08001074                _malloc_r
 *fill*         0x08001174        0x4 
 .text          0x08001178      0xfdc /usr/lib/gcc/arm-none-eabi/13.2.1/../../../arm-none-eabi/lib/thumb/v7e-m+fp/hard/libc_nano.a(libc_a-dtoa.o)
                0x080012a4                _dtoa_r
 .text          0x08002154       0xbc /usr/lib/gcc/arm-none-eabi/13.2.1/../../../arm-none-eabi/lib/thumb/v7e-m+fp/hard/libc_nano.a(libc_a-freer.o)
                0x08002154                _free_r
 .text          0x08002210      0x100 /usr/lib/gcc/arm-none-eabi/13.2.1/../../../arm-none-eabi/lib/thumb/v7e-m+fp/hard/libc_nano.a(libc_a-memmove.o)
                0x08002210                memmove
 .text          0x08002310       0xa0 /usr/lib/gcc/arm-none-eabi/13.2.1/../../../arm-none-eabi/lib/thumb/v7e-m+fp/hard/libc_nano.a(libc_a-memchr.o)
                0x08002310                memchr
 .text          0x080023b0      0x134 /usr/lib/gcc/arm-none-eabi/13.2.1/../../../arm-none-eabi/lib/thumb/v7e-m+fp/hard/libc_nano.a(libc_a-memcpy.o)
                0x080023b0                memcpy
 .text          0x080024e4       0x20 /usr/lib/gcc/arm-none-eabi/13.2.1/../../../arm-none-eabi/lib/thumb/v7e-m+fp/hard/libc_nano.a(libc_a-malloc.o)
                0x080024e4                malloc
                0x080024f4                free
 .text          0x08002504       0x68 /usr/lib/gcc/arm-none-eabi/13.2.1/../../../arm-none-eabi/lib/thumb/v7e-m+fp/hard/libc_nano.a(libc_a-strncpy.o)
                0x08002504                strncpy
 .text          0x0800256c       0x64 /usr/lib/gcc/arm-none-eabi/13.2.1/../../../arm-none-eabi/lib/thumb/v7e-m+fp/hard/libc_nano.a(libc_a-reallocr.o)
                0x0800256c                _realloc_r
 .text          0x080025d0      0x3a8 /usr/lib/gcc/arm-none-eabi/13.2.1/../../../arm-none-eabi/lib/thumb/v7e-m+fp/hard/libc_nano.a(libc_a-nano-vfprintf_i.o)
                0x080025d0                _printf_common
                0x080026f4                _printf_i
 .text          0x08002978        0x8 /usr/lib/gcc/arm-none-eabi/13.2.1/../../../arm-none-eabi/lib/thumb/v7e-m+fp/hard/libc_nano.a(libc_a-mlock.o)
                0x08002978                __malloc_lock
                0x0800297c                __malloc_unlock
 .text          0x08002980      0x2e0 /usr/lib/gcc/arm-none-eabi/13.2.1/../../../arm-none-eabi/lib/thumb/v7e-m+fp/hard/libc_nano.a(libc_a-strcmp.o)
                0x08002980                strcmp
 .text          0x08002c60       0x4c /usr/lib/gcc/arm-none-eabi/13.2.1/../../../arm-none-eabi/lib/thumb/v7e-m+fp/hard/libc_nano.a(libc_a-assert.o)
                0x08002c60                __assert_func
                0x08002ca0                __assert
 .text          0x08002cac      0xb10 /usr/lib/gcc/arm-none-eabi/13.2.1/../../../arm-none-eabi/lib/thumb/v7e-m+fp/hard/libc_nano.a(libc_a-mprec.o)
                0x08002cac                _Balloc
                0x08002d2c                _Bfree
                0x08002d74                __multadd
                0x08002e10                __s2b
                0x08002ec4                __hi0bits
                0x08002f08                __lo0bits
                0x08002f68                __i2b
                0x08002f94                __multiply
                0x08003100                __pow5mult
                0x080031e0                __lshift
                0x080032c8                __mcmp
                0x0800330c                __mdiff
                0x08003484                __ulp
                0x080034e8                __b2d
                0x080035a4                __d2b
                0x08003664                __ratio
                0x080036c4                _mprec_log10
                0x08003704                __copybits
                0x08003760                __any_on
 .text          0x080037bc       0x24 /usr/lib/gcc/arm-none-eabi/13.2.1/../../../arm-none-eabi/lib/thumb/v7e-m+fp/hard/libc_nano.a(libc_a-sbrkr.o)
                0x080037bc                _sbrk_r
 .text          0x080037e0       0x94 /usr/lib/gcc/arm-none-eabi/13.2.1/../../../arm-none-eabi/lib/thumb/v7e-m+fp/hard/libc_nano.a(libc_a-stdio.o)
                0x080037e0                __sread
                0x08003804                __seofread
                0x08003808                __swrite
                0x08003848                __sseek
                0x0800386c                __sclose
 .text          0x08003874       0x10 /usr/lib/gcc/arm-none-eabi/13.2.1/../../../arm-none-eabi/lib/thumb/v7e-m+fp/hard/libc_nano.a(libc_a-msizer.o)
                0x08003874                _malloc_usable_size_r
 .text          0x08003884       0x14 /usr/lib/gcc/arm-none-eabi/13.2.1/../../../arm-none-eabi/lib/thumb/v7e-m+fp/hard/libc_nano.a(libc_a-localeconv.o)
                0x08003884                __localeconv_l
                0x08003888                _localeconv_r
                0x08003890                localeconv
 .text          0x08003898      0x438 /usr/lib/gcc/arm-none-eabi/13.2.1/../../../arm-none-eabi/lib/thumb/v7e-m+fp/hard/libc_nano.a(libc_a-nano-svfscanf.o)
                0x08003898                _sungetc_r
                0x08003914                __ssrefill_r
                0x0800394c                __ssvfscanf_r
                0x0800394c                __ssvfiscanf_r
 .text          0x08003cd0      0x308 /usr/lib/gcc/arm-none-eabi/13.2.1/../../../arm-none-eabi/lib/thumb/v7e-m+fp/hard/libc_nano.a(libc_a-nano-vfscanf_i.o)
                0x08003cd0                _scanf_chars
                0x08003da0                _scanf_i
 .text          0x08003fd8      0x224 /usr/lib/gcc/arm-none-eabi/13.2.1/../../../arm-none-eabi/lib/thumb/v7e-m+fp/hard/libc_nano.a(libc_a-findfp.o)
                0x08004108                __sfp
                0x080041ac                __sinit
                0x080041cc                __sfp_lock_acquire
                0x080041d0                __sfp_lock_release
                0x080041d4                __fp_lock_all
                0x080041e8                __fp_unlock_all
 .text          0x080041fc       0x10 /usr/lib/gcc/arm-none-eabi/13.2.1/../../../arm-none-eabi/lib/thumb/v7e-m+fp/hard/libc_nano.a(libc_a-abort.o)
                0x080041fc                abort
 .text          0x0800420c       0x24 /usr/lib/gcc/arm-none-eabi/13.2.1/../../../arm-none-eabi/lib/thumb/v7e-m+fp/hard/libc_nano.a(libc_a-closer.o)
                0x0800420c                _close_r
 .text          0x08004230      0x1a8 /usr/lib/gcc/arm-none-eabi/13.2.1/../../../arm-none-eabi/lib/thumb/v7e-m+fp/hard/libc_nano.a(libc_a-fflush.o)
                0x08004230                __sflush_r
                0x08004354                _fflush_r
                0x0800438c                fflush
 .text          0x080043d8       0x28 /usr/lib/gcc/arm-none-eabi/13.2.1/../../../arm-none-eabi/lib/thumb/v7e-m+fp/hard/libc_nano.a(libc_a-callocr.o)
                0x080043d8                _calloc_r
 .text          0x08004400      0x16c /usr/lib/gcc/arm-none-eabi/13.2.1/../../../arm-none-eabi/lib/thumb/v7e-m+fp/hard/libc_nano.a(libc_a-strtol.o)
                0x08004538                _strtol_r
                0x0800453c                strtol_l
                0x08004554                strtol
 .text          0x0800456c       0x44 /usr/lib/gcc/arm-none-eabi/13.2.1/../../../arm-none-eabi/lib/thumb/v7e-m+fp/hard/libc_nano.a(libc_a-fwalk.o)
                0x0800456c                _fwalk_sglue
 .text          0x080045b0       0x30 /usr/lib/gcc/arm-none-eabi/13.2.1/../../../arm-none-eabi/lib/thumb/v7e-m+fp/hard/libc_nano.a(libc_a-wctomb_r.o)
                0x080045b0                _wctomb_r
                0x080045c4                __ascii_wctomb
 .text          0x080045e0       0x2c /usr/lib/gcc/arm-none-eabi/13.2.1/../../../arm-none-eabi/lib/thumb/v7e-m+fp/hard/libc_nano.a(libc_a-readr.o)
                0x080045e0                _read_r
 .text          0x0800460c       0x44 /usr/lib/gcc/arm-none-eabi/13.2.1/../../../arm-none-eabi/lib/thumb/v7e-m+fp/hard/libc_nano.a(libc_a-fprintf.o)
                0x0800460c                _fprintf_r
                0x0800460c                _fiprintf_r
                0x08004628                fprintf
                0x08004628                fiprintf
 .text          0x08004650       0x98 /usr/lib/gcc/arm-none-eabi/13.2.1/../../../arm-none-eabi/lib/thumb/v7e-m+fp/hard/libc_nano.a(libc_a-sccl.o)
                0x08004650                __sccl
 .text          0x080046e8       0x2c /usr/lib/gcc/arm-none-eabi/13.2.1/../../../arm-none-eabi/lib/thumb/v7e-m+fp/hard/libc_nano.a(libc_a-lseekr.o)
                0x080046e8                _lseek_r
 .text          0x08004714      0x14c /usr/lib/gcc/arm-none-eabi/13.2.1/../../../arm-none-eabi/lib/thumb/v7e-m+fp/hard/libc_nano.a(libc_a-ungetc.o)
                0x08004714                __submore
                0x08004788                _ungetc_r
                0x08004848                ungetc
 .text          0x08004860       0x2c /usr/lib/gcc/arm-none-eabi/13.2.1/../../../arm-none-eabi/lib/thumb/v7e-m+fp/hard/libc_nano.a(libc_a-writer.o)
                0x08004860                _write_r
 .text          0x0800488c      0x314 /usr/lib/gcc/arm-none-eabi/13.2.1/../../../arm-none-eabi/lib/thumb/v7e-m+fp/hard/libc_nano.a(libc_a-nano-vfprintf.o)
                0x080048c8                __sfputs_r
                0x080048f8                __sprint_r
                0x08004918                _vfiprintf_r
                0x08004918                _vfprintf_r
                0x08004b84                vfiprintf
                0x08004b84                vfprintf
 .text          0x08004ba0       0xa0 /usr/lib/gcc/arm-none-eabi/13.2.1/../../../arm-none-eabi/lib/thumb/v7e-m+fp/hard/libc_nano.a(libc_a-wbuf.o)
                0x08004ba0                __swbuf_r
                0x08004c28                __swbuf
 .text          0x08004c40      0x168 /usr/lib/gcc/arm-none-eabi/13.2.1/../../../arm-none-eabi/lib/thumb/v7e-m+fp/hard/libc_nano.a(libc_a-strtoul.o)
                0x08004d74                _strtoul_r
                0x08004d78                strtoul_l
                0x08004d90                strtoul
 .text          0x08004da8      0x300 /usr/lib/gcc/arm-none-eabi/13.2.1/../../../arm-none-eabi/lib/thumb/v7e-m+fp/hard/libc_nano.a(libc_a-fvwrite.o)
                0x08004da8                __sfvwrite_r
 .text          0x080050a8       0x40 /usr/lib/gcc/arm-none-eabi/13.2.1/../../../arm-none-eabi/lib/thumb/v7e-m+fp/hard/libc_nano.a(libc_a-mbtowc_r.o)
                0x080050a8                _mbtowc_r
                0x080050bc                __ascii_mbtowc
 .text          0x080050e8      0x260 /usr/lib/gcc/arm-none-eabi/13.2.1/../../../arm-none-eabi/lib/thumb/v7e-m+fp/hard/libc_nano.a(libc_a-signal.o)
                0x080050e8                _init_signal_r
                0x08005114                _signal_r
                0x08005160                _raise_r
                0x080051b0                __sigtramp_r
                0x08005210                raise
                0x08005264                signal
                0x080052b0                _init_signal
                0x080052e4                __sigtramp
 .text          0x08005348        0xc /usr/lib/gcc/arm-none-eabi/13.2.1/../../../arm-none-eabi/lib/thumb/v7e-m+fp/hard/libc_nano.a(libc_a-errno.o)
                0x08005348                __errno
 .text          0x08005354       0xc4 /usr/lib/gcc/arm-none-eabi/13.2.1/../../../arm-none-eabi/lib/thumb/v7e-m+fp/hard/libc_nano.a(libc_a-wsetup.o)
                0x08005354                __swsetup_r
 .text          0x08005418      0x114 /usr/lib/gcc/arm-none-eabi/13.2.1/../../../arm-none-eabi/lib/thumb/v7e-m+fp/hard/libc_nano.a(libc_a-makebuf.o)
                0x08005418                __smakebuf_r
                0x080054dc                __swhatbuf_r
 .text          0x0800552c       0x24 /usr/lib/gcc/arm-none-eabi/13.2.1/../../../arm-none-eabi/lib/thumb/v7e-m+fp/hard/libc_nano.a(libc_a-isattyr.o)
                0x0800552c                _isatty_r
 .text          0x08005550       0x30 /usr/lib/gcc/arm-none-eabi/13.2.1/../../../arm-none-eabi/lib/thumb/v7e-m+fp/hard/libc_nano.a(libc_a-signalr.o)
                0x08005550                _kill_r
                0x0800557c                _getpid_r
 .text          0x08005580       0x2c /usr/lib/gcc/arm-none-eabi/13.2.1/../../../arm-none-eabi/lib/thumb/v7e-m+fp/hard/libc_nano.a(libc_a-fstatr.o)
                0x08005580                _fstat_r
 .text          0x080055ac       0x10 /usr/lib/gcc/arm-none-eabi/13.2.1/../../../arm-none-eabi/lib/thumb/v7e-m+fp/hard/libnosys.a(close.o)
                0x080055ac                _close
 .text          0x080055bc       0x10 /usr/lib/gcc/arm-none-eabi/13.2.1/../../../arm-none-eabi/lib/thumb/v7e-m+fp/hard/libnosys.a(fstat.o)
                0x080055bc                _fstat
 .text          0x080055cc       0x10 /usr/lib/gcc/arm-none-eabi/13.2.1/../../../arm-none-eabi/lib/thumb/v7e-m+fp/hard/libnosys.a(getpid.o)
                0x080055cc                _getpid
 .text          0x080055dc       0x10 /usr/lib/gcc/arm-none-eabi/13.2.1/../../../arm-none-eabi/lib/thumb/v7e-m+fp/hard/libnosys.a(isatty.o)
                0x080055dc                _isatty
 .text          0x080055ec       0x10 /usr/lib/gcc/arm-none-eabi/13.2.1/../../../arm-none-eabi/lib/thumb/v7e-m+fp/hard/libnosys.a(kill.o)
                0x080055ec                _kill
 .text          0x080055fc       0x10 /usr/lib/gcc/arm-none-eabi/13.2.1/../../../arm-none-eabi/lib/thumb/v7e-m+fp/hard/libnosys.a(lseek.o)
                0x080055fc                _lseek
 .text          0x0800560c       0x10 /usr/lib/gcc/arm-none-eabi/13.2.1/../../../arm-none-eabi/lib/thumb/v7e-m+fp/hard/libnosys.a(read.o)
                0x0800560c                _read
 .text          0x0800561c       0x1c /usr/lib/gcc/arm-none-eabi/13.2.1/../../../arm-none-eabi/lib/thumb/v7e-m+fp/hard/libnosys.a(sbrk.o)
                0x0800561c                _sbrk
 .text          0x08005638       0x10 /usr/lib/gcc/arm-none-eabi/13.2.1/../../../arm-none-eabi/lib/thumb/v7e-m+fp/hard/libnosys.a(write.o)
                0x08005638                _write
 .text          0x08005648        0x4 /usr/lib/gcc/arm-none-eabi/13.2.1/../../../arm-none-eabi/lib/thumb/v7e-m+fp/hard/libnosys.a(_exit.o)
                0x08005648                _exit
 .text          0x0800564c      0x378 /usr/lib/gcc/arm-none-eabi/13.2.1/thumb/v7e-m+fp/hard/libgcc.a(_arm_addsubdf3.o)
                0x0800564c                __aeabi_drsub
                0x08005654                __aeabi_dsub
                0x08005654                __subdf3
                0x08005658                __adddf3
                0x08005658                __aeabi_dadd
                0x080058d0                __aeabi_ui2d
                0x080058d0                __floatunsidf
                0x080058f0                __floatsidf
                0x080058f0                __aeabi_i2d
                0x08005914                __extendsfdf2
                0x08005914                __aeabi_f2d
                0x08005958                __aeabi_ul2d
                0x08005958                __floatundidf
                0x08005968                __floatdidf
                0x08005968                __aeabi_l2d
 .text          0x080059c4      0x424 /usr/lib/gcc/arm-none-eabi/13.2.1/thumb/v7e-m+fp/hard/libgcc.a(_arm_muldivdf3.o)
                0x080059c4                __aeabi_dmul
                0x080059c4                __muldf3
                0x08005c18                __aeabi_ddiv
                0x08005c18                __divdf3
 .text          0x08005de8      0x110 /usr/lib/gcc/arm-none-eabi/13.2.1/thumb/v7e-m+fp/hard/libgcc.a(_arm_cmpdf2.o)
                0x08005de8                __gtdf2
                0x08005de8                __gedf2
                0x08005df0                __ltdf2
                0x08005df0                __ledf2
                0x08005df8                __cmpdf2
                0x08005df8                __eqdf2
                0x08005df8                __nedf2
                0x08005e74                __aeabi_cdrcmple
                0x08005e84                __aeabi_cdcmple
                0x08005e84                __aeabi_cdcmpeq
                0x08005e94                __aeabi_dcmpeq
                0x08005ea8                __aeabi_dcmplt
                0x08005ebc                __aeabi_dcmple
                0x08005ed0                __aeabi_dcmpge
                0x08005ee4                __aeabi_dcmpgt
 .text          0x08005ef8       0x2c /usr/lib/gcc/arm-none-eabi/13.2.1/thumb/v7e-m+fp/hard/libgcc.a(_arm_unorddf2.o)
                0x08005ef8                __aeabi_dcmpun
                0x08005ef8                __unorddf2
 .text          0x08005f24       0x50 /usr/lib/gcc/arm-none-eabi/13.2.1/thumb/v7e-m+fp/hard/libgcc.a(_arm_fixdfsi.o)
                0x08005f24                __fixdfsi
                0x08005f24                __aeabi_d2iz
 .text          0x08005f74       0x30 /usr/lib/gcc/arm-none-eabi/13.2.1/thumb/v7e-m+fp/hard/libgcc.a(_aeabi_uldivmod.o)
                0x08005f74                __aeabi_uldivmod
 .text          0x08005fa4      0x2bc /usr/lib/gcc/arm-none-eabi/13.2.1/thumb/v7e-m+fp/hard/libgcc.a(_udivmoddi4.o)
                0x08005fa4                __udivmoddi4
 .text          0x08006260        0x4 /usr/lib/gcc/arm-none-eabi/13.2.1/thumb/v7e-m+fp/hard/libgcc.a(_dvmd_tls.o)
                0x08006260                __aeabi_ldiv0
                0x08006260                __aeabi_idiv0
 *(.text*)
 .text.parseCommand
                0x08006264       0x68 build/main.o
                0x08006264                parseCommand
 .text.processCommand
                0x080062cc       0xd8 build/main.o
                0x080062cc                processCommand
 .text.handleSerialCommunication
                0x080063a4       0x1e build/main.o
                0x080063a4                handleSerialCommunication
 *fill*         0x080063c2        0x2 
 .text.updateSystem
                0x080063c4       0xd0 build/main.o
                0x080063c4                updateSystem
 .text.Error_Handler
                0x08006494        0x4 build/main.o
                0x08006494                Error_Handler
 .text.SystemClock_Config
                0x08006498       0x88 build/main.o
                0x08006498                SystemClock_Config
 .text.main     0x08006520       0x94 build/main.o
                0x08006520                main
 .text.MX_GPIO_Init
                0x080065b4       0xa8 build/gpio.o
                0x080065b4                MX_GPIO_Init
 .text.HAL_TIM_Base_MspInit
                0x0800665c       0x54 build/tim.o
                0x0800665c                HAL_TIM_Base_MspInit
 .text.HAL_TIM_MspPostInit
                0x080066b0       0x94 build/tim.o
                0x080066b0                HAL_TIM_MspPostInit
 .text.MX_TIM1_Init
                0x08006744       0xe8 build/tim.o
                0x08006744                MX_TIM1_Init
 .text.MX_TIM3_Init
                0x0800682c       0xb0 build/tim.o
                0x0800682c                MX_TIM3_Init
 .text.MX_USART2_UART_Init
                0x080068dc       0x34 build/usart.o
                0x080068dc                MX_USART2_UART_Init
 .text.HAL_UART_MspInit
                0x08006910       0x70 build/usart.o
                0x08006910                HAL_UART_MspInit
 .text.NMI_Handler
                0x08006980        0x2 build/stm32f4xx_it.o
                0x08006980                NMI_Handler
 .text.HardFault_Handler
                0x08006982        0x2 build/stm32f4xx_it.o
                0x08006982                HardFault_Handler
 .text.MemManage_Handler
                0x08006984        0x2 build/stm32f4xx_it.o
                0x08006984                MemManage_Handler
 .text.BusFault_Handler
                0x08006986        0x2 build/stm32f4xx_it.o
                0x08006986                BusFault_Handler
 .text.UsageFault_Handler
                0x08006988        0x2 build/stm32f4xx_it.o
                0x08006988                UsageFault_Handler
 .text.SVC_Handler
                0x0800698a        0x2 build/stm32f4xx_it.o
                0x0800698a                SVC_Handler
 .text.DebugMon_Handler
                0x0800698c        0x2 build/stm32f4xx_it.o
                0x0800698c                DebugMon_Handler
 .text.PendSV_Handler
                0x0800698e        0x2 build/stm32f4xx_it.o
                0x0800698e                PendSV_Handler
 .text.SysTick_Handler
                0x08006990        0x8 build/stm32f4xx_it.o
                0x08006990                SysTick_Handler
 .text.HAL_MspInit
                0x08006998       0x38 build/stm32f4xx_hal_msp.o
                0x08006998                HAL_MspInit
 .text.TIM_OC1_SetConfig
                0x080069d0       0x70 build/stm32f4xx_hal_tim.o
 .text.TIM_OC3_SetConfig
                0x08006a40       0x70 build/stm32f4xx_hal_tim.o
 .text.TIM_OC4_SetConfig
                0x08006ab0       0x50 build/stm32f4xx_hal_tim.o
 .text.TIM_TI1_ConfigInputStage
                0x08006b00       0x26 build/stm32f4xx_hal_tim.o
 .text.TIM_TI2_ConfigInputStage
                0x08006b26       0x28 build/stm32f4xx_hal_tim.o
 .text.TIM_ITRx_SetConfig
                0x08006b4e       0x10 build/stm32f4xx_hal_tim.o
 *fill*         0x08006b5e        0x2 
 .text.HAL_TIM_Base_Start
                0x08006b60       0x7c build/stm32f4xx_hal_tim.o
                0x08006b60                HAL_TIM_Base_Start
 .text.HAL_TIM_PWM_MspInit
                0x08006bdc        0x2 build/stm32f4xx_hal_tim.o
                0x08006bdc                HAL_TIM_PWM_MspInit
 *fill*         0x08006bde        0x2 
 .text.TIM_Base_SetConfig
                0x08006be0       0xd8 build/stm32f4xx_hal_tim.o
                0x08006be0                TIM_Base_SetConfig
 .text.HAL_TIM_Base_Init
                0x08006cb8       0x58 build/stm32f4xx_hal_tim.o
                0x08006cb8                HAL_TIM_Base_Init
 .text.HAL_TIM_PWM_Init
                0x08006d10       0x58 build/stm32f4xx_hal_tim.o
                0x08006d10                HAL_TIM_PWM_Init
 .text.TIM_OC2_SetConfig
                0x08006d68       0x70 build/stm32f4xx_hal_tim.o
                0x08006d68                TIM_OC2_SetConfig
 .text.HAL_TIM_PWM_ConfigChannel
                0x08006dd8       0xdc build/stm32f4xx_hal_tim.o
                0x08006dd8                HAL_TIM_PWM_ConfigChannel
 .text.TIM_ETR_SetConfig
                0x08006eb4       0x1a build/stm32f4xx_hal_tim.o
                0x08006eb4                TIM_ETR_SetConfig
 .text.HAL_TIM_ConfigClockSource
                0x08006ece       0xfe build/stm32f4xx_hal_tim.o
                0x08006ece                HAL_TIM_ConfigClockSource
 .text.TIM_CCxChannelCmd
                0x08006fcc       0x1e build/stm32f4xx_hal_tim.o
                0x08006fcc                TIM_CCxChannelCmd
 *fill*         0x08006fea        0x2 
 .text.HAL_TIM_PWM_Start
                0x08006fec      0x104 build/stm32f4xx_hal_tim.o
                0x08006fec                HAL_TIM_PWM_Start
 .text.HAL_TIMEx_MasterConfigSynchronization
                0x080070f0       0x8c build/stm32f4xx_hal_tim_ex.o
                0x080070f0                HAL_TIMEx_MasterConfigSynchronization
 .text.HAL_TIMEx_ConfigBreakDeadTime
                0x0800717c       0x52 build/stm32f4xx_hal_tim_ex.o
                0x0800717c                HAL_TIMEx_ConfigBreakDeadTime
 *fill*         0x080071ce        0x2 
 .text.HAL_RCC_OscConfig
                0x080071d0      0x3f8 build/stm32f4xx_hal_rcc.o
                0x080071d0                HAL_RCC_OscConfig
 .text.HAL_RCC_GetSysClockFreq
                0x080075c8       0xa8 build/stm32f4xx_hal_rcc.o
                0x080075c8                HAL_RCC_GetSysClockFreq
 .text.HAL_RCC_ClockConfig
                0x08007670      0x160 build/stm32f4xx_hal_rcc.o
                0x08007670                HAL_RCC_ClockConfig
 .text.HAL_RCC_GetHCLKFreq
                0x080077d0        0xc build/stm32f4xx_hal_rcc.o
                0x080077d0                HAL_RCC_GetHCLKFreq
 .text.HAL_RCC_GetPCLK1Freq
                0x080077dc       0x20 build/stm32f4xx_hal_rcc.o
                0x080077dc                HAL_RCC_GetPCLK1Freq
 .text.HAL_RCC_GetPCLK2Freq
                0x080077fc       0x20 build/stm32f4xx_hal_rcc.o
                0x080077fc                HAL_RCC_GetPCLK2Freq
 .text.HAL_GPIO_Init
                0x0800781c      0x1ec build/stm32f4xx_hal_gpio.o
                0x0800781c                HAL_GPIO_Init
 .text.HAL_GPIO_ReadPin
                0x08007a08        0xe build/stm32f4xx_hal_gpio.o
                0x08007a08                HAL_GPIO_ReadPin
 .text.HAL_GPIO_WritePin
                0x08007a16        0xc build/stm32f4xx_hal_gpio.o
                0x08007a16                HAL_GPIO_WritePin
 *fill*         0x08007a22        0x2 
 .text.__NVIC_SetPriority
                0x08007a24       0x28 build/stm32f4xx_hal_cortex.o
 .text.NVIC_EncodePriority
                0x08007a4c       0x3e build/stm32f4xx_hal_cortex.o
 *fill*         0x08007a8a        0x2 
 .text.HAL_NVIC_SetPriorityGrouping
                0x08007a8c       0x24 build/stm32f4xx_hal_cortex.o
                0x08007a8c                HAL_NVIC_SetPriorityGrouping
 .text.HAL_NVIC_SetPriority
                0x08007ab0       0x20 build/stm32f4xx_hal_cortex.o
                0x08007ab0                HAL_NVIC_SetPriority
 .text.HAL_SYSTICK_Config
                0x08007ad0       0x28 build/stm32f4xx_hal_cortex.o
                0x08007ad0                HAL_SYSTICK_Config
 .text.HAL_InitTick
                0x08007af8       0x4c build/stm32f4xx_hal.o
                0x08007af8                HAL_InitTick
 .text.HAL_Init
                0x08007b44       0x34 build/stm32f4xx_hal.o
                0x08007b44                HAL_Init
 .text.HAL_IncTick
                0x08007b78       0x18 build/stm32f4xx_hal.o
                0x08007b78                HAL_IncTick
 .text.HAL_GetTick
                0x08007b90        0xc build/stm32f4xx_hal.o
                0x08007b90                HAL_GetTick
 .text.HAL_Delay
                0x08007b9c       0x28 build/stm32f4xx_hal.o
                0x08007b9c                HAL_Delay
 .text.UART_EndRxTransfer
                0x08007bc4       0x5c build/stm32f4xx_hal_uart.o
 .text.UART_SetConfig
                0x08007c20      0x110 build/stm32f4xx_hal_uart.o
 .text.UART_WaitOnFlagUntilTimeout
                0x08007d30       0x86 build/stm32f4xx_hal_uart.o
 .text.HAL_UART_Init
                0x08007db6       0x60 build/stm32f4xx_hal_uart.o
                0x08007db6                HAL_UART_Init
 .text.HAL_UART_Transmit
                0x08007e16       0xcc build/stm32f4xx_hal_uart.o
                0x08007e16                HAL_UART_Transmit
 .text.HAL_UART_Receive
                0x08007ee2       0xd2 build/stm32f4xx_hal_uart.o
                0x08007ee2                HAL_UART_Receive
 .text.SystemInit
                0x08007fb4       0x14 build/system_stm32f4xx.o
                0x08007fb4                SystemInit
 .text.sendMessage
                0x08007fc8       0xa0 build/usart_comm.o
                0x08007fc8                sendMessage
 .text.receiveMessage
                0x08008068       0xec build/usart_comm.o
                0x08008068                receiveMessage
 .text.HC_SR04_get_instance
                0x08008154        0x8 build/hcsr04.o
                0x08008154                HC_SR04_get_instance
 .text.Delay_Microseconds
                0x0800815c       0x14 build/hcsr04.o
                0x0800815c                Delay_Microseconds
 .text.HC_SR04_init
                0x08008170       0x4c build/hcsr04.o
                0x08008170                HC_SR04_init
 .text.HC_SR04_get_distance
                0x080081bc       0xc4 build/hcsr04.o
                0x080081bc                HC_SR04_get_distance
 .text.HC_SR04_update
                0x08008280       0xc4 build/hcsr04.o
                0x08008280                HC_SR04_update
 .text.Servo_Init
                0x08008344       0x10 build/servo.o
                0x08008344                Servo_Init
 .text.Servo_SetPosition
                0x08008354       0x24 build/servo.o
                0x08008354                Servo_SetPosition
 .text.Servo_SetToMiddle
                0x08008378        0xc build/servo.o
                0x08008378                Servo_SetToMiddle
 .text.Servo_DistanceToPosition
                0x08008384       0x50 build/servo.o
                0x08008384                Servo_DistanceToPosition
 .text.Servo_ValueToPosition
                0x080083d4       0x30 build/servo.o
                0x080083d4                Servo_ValueToPosition
 .text.Reset_Handler
                0x08008404       0x50 build/startup_stm32f407xx.o
                0x08008404                Reset_Handler
 .text.Default_Handler
                0x08008454        0x2 build/startup_stm32f407xx.o
                0x08008454                RTC_Alarm_IRQHandler
                0x08008454                HASH_RNG_IRQHandler
                0x08008454                EXTI2_IRQHandler
                0x08008454                TIM8_CC_IRQHandler
                0x08008454                TIM1_CC_IRQHandler
                0x08008454                DMA2_Stream5_IRQHandler
                0x08008454                DMA1_Stream5_IRQHandler
                0x08008454                PVD_IRQHandler
                0x08008454                SDIO_IRQHandler
                0x08008454                TAMP_STAMP_IRQHandler
                0x08008454                CAN2_RX1_IRQHandler
                0x08008454                EXTI3_IRQHandler
                0x08008454                TIM8_TRG_COM_TIM14_IRQHandler
                0x08008454                TIM1_UP_TIM10_IRQHandler
                0x08008454                TIM8_UP_TIM13_IRQHandler
                0x08008454                I2C3_ER_IRQHandler
                0x08008454                EXTI0_IRQHandler
                0x08008454                I2C2_EV_IRQHandler
                0x08008454                DMA1_Stream2_IRQHandler
                0x08008454                CAN1_RX0_IRQHandler
                0x08008454                FPU_IRQHandler
                0x08008454                OTG_HS_WKUP_IRQHandler
                0x08008454                CAN2_SCE_IRQHandler
                0x08008454                DMA2_Stream2_IRQHandler
                0x08008454                SPI1_IRQHandler
                0x08008454                TIM6_DAC_IRQHandler
                0x08008454                TIM1_BRK_TIM9_IRQHandler
                0x08008454                DCMI_IRQHandler
                0x08008454                CAN2_RX0_IRQHandler
                0x08008454                DMA2_Stream3_IRQHandler
                0x08008454                USART6_IRQHandler
                0x08008454                USART3_IRQHandler
                0x08008454                CAN1_RX1_IRQHandler
                0x08008454                UART5_IRQHandler
                0x08008454                DMA2_Stream0_IRQHandler
                0x08008454                TIM4_IRQHandler
                0x08008454                I2C1_EV_IRQHandler
                0x08008454                DMA1_Stream6_IRQHandler
                0x08008454                DMA1_Stream1_IRQHandler
                0x08008454                UART4_IRQHandler
                0x08008454                TIM3_IRQHandler
                0x08008454                RCC_IRQHandler
                0x08008454                TIM8_BRK_TIM12_IRQHandler
                0x08008454                Default_Handler
                0x08008454                EXTI15_10_IRQHandler
                0x08008454                ADC_IRQHandler
                0x08008454                DMA1_Stream7_IRQHandler
                0x08008454                TIM7_IRQHandler
                0x08008454                CAN2_TX_IRQHandler
                0x08008454                TIM5_IRQHandler
                0x08008454                DMA2_Stream7_IRQHandler
                0x08008454                I2C3_EV_IRQHandler
                0x08008454                EXTI9_5_IRQHandler
                0x08008454                RTC_WKUP_IRQHandler
                0x08008454                ETH_WKUP_IRQHandler
                0x08008454                SPI2_IRQHandler
                0x08008454                OTG_HS_EP1_IN_IRQHandler
                0x08008454                DMA1_Stream0_IRQHandler
                0x08008454                CAN1_TX_IRQHandler
                0x08008454                EXTI4_IRQHandler
                0x08008454                FSMC_IRQHandler
                0x08008454                ETH_IRQHandler
                0x08008454                OTG_HS_EP1_OUT_IRQHandler
                0x08008454                WWDG_IRQHandler
                0x08008454                TIM2_IRQHandler
                0x08008454                OTG_FS_WKUP_IRQHandler
                0x08008454                TIM1_TRG_COM_TIM11_IRQHandler
                0x08008454                OTG_HS_IRQHandler
                0x08008454                EXTI1_IRQHandler
                0x08008454                USART2_IRQHandler
                0x08008454                I2C2_ER_IRQHandler
                0x08008454                DMA2_Stream1_IRQHandler
                0x08008454                CAN1_SCE_IRQHandler
                0x08008454                FLASH_IRQHandler
                0x08008454                DMA2_Stream4_IRQHandler
                0x08008454                USART1_IRQHandler
                0x08008454                OTG_FS_IRQHandler
                0x08008454                SPI3_IRQHandler
                0x08008454                DMA1_Stream4_IRQHandler
                0x08008454                I2C1_ER_IRQHandler
                0x08008454                DMA2_Stream6_IRQHandler
                0x08008454                DMA1_Stream3_IRQHandler
 *(.glue_7)
 .glue_7        0x08008456        0x0 linker stubs
 *(.glue_7t)
 .glue_7t       0x08008456        0x0 linker stubs
 *(.eh_frame)
 *fill*         0x08008456        0x2 
 .eh_frame      0x08008458        0x0 /usr/lib/gcc/arm-none-eabi/13.2.1/thumb/v7e-m+fp/hard/crtbegin.o
 *(.init)
 .init          0x08008458        0x4 /usr/lib/gcc/arm-none-eabi/13.2.1/thumb/v7e-m+fp/hard/crti.o
                0x08008458                _init
 .init          0x0800845c        0x8 /usr/lib/gcc/arm-none-eabi/13.2.1/thumb/v7e-m+fp/hard/crtn.o
 *(.fini)
 .fini          0x08008464        0x4 /usr/lib/gcc/arm-none-eabi/13.2.1/thumb/v7e-m+fp/hard/crti.o
                0x08008464                _fini
 .fini          0x08008468        0x8 /usr/lib/gcc/arm-none-eabi/13.2.1/thumb/v7e-m+fp/hard/crtn.o
                0x08008470                        . = ALIGN (0x4)
                0x08008470                        _etext = .

.vfp11_veneer   0x08008470        0x0
 .vfp11_veneer  0x08008470        0x0 linker stubs

.v4_bx          0x08008470        0x0
 .v4_bx         0x08008470        0x0 linker stubs

.iplt           0x08008470        0x0
 .iplt          0x08008470        0x0 /usr/lib/gcc/arm-none-eabi/13.2.1/thumb/v7e-m+fp/hard/crtbegin.o

.rodata         0x08008470      0x5c4
                0x08008470                        . = ALIGN (0x4)
 *(.rodata)
 .rodata        0x08008470      0x128 /usr/lib/gcc/arm-none-eabi/13.2.1/../../../arm-none-eabi/lib/thumb/v7e-m+fp/hard/libc_nano.a(libc_a-mprec.o)
                0x08008480                __mprec_tens
                0x08008548                __mprec_tinytens
                0x08008570                __mprec_bigtens
 .rodata        0x08008598        0xc /usr/lib/gcc/arm-none-eabi/13.2.1/../../../arm-none-eabi/lib/thumb/v7e-m+fp/hard/libc_nano.a(libc_a-nano-vfscanf_i.o)
 .rodata        0x080085a4      0x101 /usr/lib/gcc/arm-none-eabi/13.2.1/../../../arm-none-eabi/lib/thumb/v7e-m+fp/hard/libc_nano.a(libc_a-ctype_.o)
                0x080085a4                _ctype_
 *(.rodata*)
 *fill*         0x080086a5        0x3 
 .rodata.parseCommand.str1.4
                0x080086a8      0x372 build/main.o
                                 0x1b (size before relaxing)
 .rodata.processCommand.str1.4
                0x08008a1a      0x16e build/main.o
 .rodata.main.str1.4
                0x08008a1a       0x35 build/main.o
 *fill*         0x08008a1a        0x2 
 .rodata.APBPrescTable
                0x08008a1c        0x8 build/system_stm32f4xx.o
                0x08008a1c                APBPrescTable
 .rodata.AHBPrescTable
                0x08008a24       0x10 build/system_stm32f4xx.o
                0x08008a24                AHBPrescTable
 .rodata.sendMessage.str1.4
                0x08008a34       0x18 build/usart_comm.o
 .rodata.receiveMessage.str1.4
                0x08008a34       0x18 build/usart_comm.o
 .rodata.HC_SR04_update.str1.4
                0x08008a34       0x2e build/hcsr04.o
 .rodata.str1.4
                0x08008a34       0x13 /usr/lib/gcc/arm-none-eabi/13.2.1/../../../arm-none-eabi/lib/thumb/v7e-m+fp/hard/libc_nano.a(libc_a-nano-svfprintf.o)
 .rodata.str1.4
                0x08008a34       0x12 /usr/lib/gcc/arm-none-eabi/13.2.1/../../../arm-none-eabi/lib/thumb/v7e-m+fp/hard/libc_nano.a(libc_a-nano-vfprintf_float.o)
 .rodata.str1.4
                0x08008a34       0x69 /usr/lib/gcc/arm-none-eabi/13.2.1/../../../arm-none-eabi/lib/thumb/v7e-m+fp/hard/libc_nano.a(libc_a-dtoa.o)
 .rodata.str1.4
                0x08008a34       0x25 /usr/lib/gcc/arm-none-eabi/13.2.1/../../../arm-none-eabi/lib/thumb/v7e-m+fp/hard/libc_nano.a(libc_a-nano-vfprintf_i.o)
 .rodata.str1.4
                0x08008a34       0x43 /usr/lib/gcc/arm-none-eabi/13.2.1/../../../arm-none-eabi/lib/thumb/v7e-m+fp/hard/libc_nano.a(libc_a-assert.o)
 .rodata.str1.4
                0x08008a34       0x59 /usr/lib/gcc/arm-none-eabi/13.2.1/../../../arm-none-eabi/lib/thumb/v7e-m+fp/hard/libc_nano.a(libc_a-mprec.o)
 .rodata.str1.4
                0x08008a34        0x4 /usr/lib/gcc/arm-none-eabi/13.2.1/../../../arm-none-eabi/lib/thumb/v7e-m+fp/hard/libc_nano.a(libc_a-nano-svfscanf.o)
 .rodata.str1.4
                0x08008a34       0x1f /usr/lib/gcc/arm-none-eabi/13.2.1/../../../arm-none-eabi/lib/thumb/v7e-m+fp/hard/libc_nano.a(libc_a-nano-vfscanf_i.o)
 .rodata.str1.4
                0x08008a34       0x12 /usr/lib/gcc/arm-none-eabi/13.2.1/../../../arm-none-eabi/lib/thumb/v7e-m+fp/hard/libc_nano.a(libc_a-locale.o)
 .rodata.str1.4
                0x08008a34       0x13 /usr/lib/gcc/arm-none-eabi/13.2.1/../../../arm-none-eabi/lib/thumb/v7e-m+fp/hard/libc_nano.a(libc_a-nano-vfprintf.o)
                0x08008aa0                        . = ALIGN (0x4)

.ARM.extab      0x08008a34        0x0
                0x08008a34                        . = ALIGN (0x4)
 *(.ARM.extab* .gnu.linkonce.armextab.*)
                0x08008a34                        . = ALIGN (0x4)

.ARM            0x08008a34        0x8
                0x08008a34                        . = ALIGN (0x4)
                0x08008a34                        __exidx_start = .
 *(.ARM.exidx*)
 .ARM.exidx     0x08008a34        0x8 /usr/lib/gcc/arm-none-eabi/13.2.1/../../../arm-none-eabi/lib/thumb/v7e-m+fp/hard/libc_nano.a(libc_a-strlen.o)
 .ARM.exidx     0x08008a3c        0x0 /usr/lib/gcc/arm-none-eabi/13.2.1/../../../arm-none-eabi/lib/thumb/v7e-m+fp/hard/libc_nano.a(libc_a-memchr.o)
                                  0x8 (size before relaxing)
 .ARM.exidx     0x08008a3c        0x0 /usr/lib/gcc/arm-none-eabi/13.2.1/../../../arm-none-eabi/lib/thumb/v7e-m+fp/hard/libc_nano.a(libc_a-memcpy.o)
                                  0x8 (size before relaxing)
 .ARM.exidx     0x08008a3c        0x0 /usr/lib/gcc/arm-none-eabi/13.2.1/../../../arm-none-eabi/lib/thumb/v7e-m+fp/hard/libc_nano.a(libc_a-strcmp.o)
                                  0x8 (size before relaxing)
 .ARM.exidx     0x08008a3c        0x0 /usr/lib/gcc/arm-none-eabi/13.2.1/thumb/v7e-m+fp/hard/libgcc.a(_udivmoddi4.o)
                                  0x8 (size before relaxing)
                0x08008a3c                        __exidx_end = .
                0x08008a3c                        . = ALIGN (0x4)

.preinit_array  0x08008a3c        0x0
                0x08008a3c                        . = ALIGN (0x4)
                0x08008a3c                        PROVIDE (__preinit_array_start = .)
 *(.preinit_array*)
                0x08008a3c                        PROVIDE (__preinit_array_end = .)
                0x08008a3c                        . = ALIGN (0x4)

.init_array     0x08008a3c        0x4
                0x08008a3c                        . = ALIGN (0x4)
                0x08008a3c                        PROVIDE (__init_array_start = .)
 *(SORT_BY_NAME(.init_array.*))
 *(.init_array*)
 .init_array    0x08008a3c        0x4 /usr/lib/gcc/arm-none-eabi/13.2.1/thumb/v7e-m+fp/hard/crtbegin.o
                0x08008a40                        PROVIDE (__init_array_end = .)
                0x08008a40                        . = ALIGN (0x4)

.fini_array     0x08008a40        0x4
                0x08008a40                        . = ALIGN (0x4)
                0x08008a40                        PROVIDE (__fini_array_start = .)
 *(SORT_BY_NAME(.fini_array.*))
 *(.fini_array*)
 .fini_array    0x08008a40        0x4 /usr/lib/gcc/arm-none-eabi/13.2.1/thumb/v7e-m+fp/hard/crtbegin.o
                0x08008a44                        PROVIDE (__fini_array_end = .)
                0x08008a44                        . = ALIGN (0x4)
                0x08008a44                        _sidata = LOADADDR (.data)

.rel.dyn        0x08008a44        0x0
 .rel.iplt      0x08008a44        0x0 /usr/lib/gcc/arm-none-eabi/13.2.1/thumb/v7e-m+fp/hard/crtbegin.o

.data           0x20000000      0x1d4 load address 0x08008a44
                0x20000000                        . = ALIGN (0x4)
                0x20000000                        _sdata = .
 *(.data)
 .data          0x20000000       0x50 /usr/lib/gcc/arm-none-eabi/13.2.1/../../../arm-none-eabi/lib/thumb/v7e-m+fp/hard/libc_nano.a(libc_a-impure.o)
                0x20000000                _impure_ptr
                0x20000004                _impure_data
 .data          0x20000050        0xc /usr/lib/gcc/arm-none-eabi/13.2.1/../../../arm-none-eabi/lib/thumb/v7e-m+fp/hard/libc_nano.a(libc_a-findfp.o)
                0x20000050                __sglue
 .data          0x2000005c      0x16c /usr/lib/gcc/arm-none-eabi/13.2.1/../../../arm-none-eabi/lib/thumb/v7e-m+fp/hard/libc_nano.a(libc_a-locale.o)
                0x2000005c                __global_locale
 *(.data*)
 .data.servoPosition
                0x200001c8        0x1 build/main.o
                0x200001c8                servoPosition
 .data.uwTickFreq
                0x200001c9        0x1 build/stm32f4xx_hal.o
                0x200001c9                uwTickFreq
 *fill*         0x200001ca        0x2 
 .data.uwTickPrio
                0x200001cc        0x4 build/stm32f4xx_hal.o
                0x200001cc                uwTickPrio
 .data.SystemCoreClock
                0x200001d0        0x4 build/system_stm32f4xx.o
                0x200001d0                SystemCoreClock
 *(.RamFunc)
 *(.RamFunc*)
                0x200001d4                        . = ALIGN (0x4)
                0x200001d4                        _edata = .
                0x08008c18                        _siccmram = LOADADDR (.ccmram)

.tm_clone_table
                0x200001d4        0x0 load address 0x08008c18
 .tm_clone_table
                0x200001d4        0x0 /usr/lib/gcc/arm-none-eabi/13.2.1/thumb/v7e-m+fp/hard/crtbegin.o
 .tm_clone_table
                0x200001d4        0x0 /usr/lib/gcc/arm-none-eabi/13.2.1/thumb/v7e-m+fp/hard/crtend.o

.igot.plt       0x200001d4        0x0 load address 0x08008c18
 .igot.plt      0x200001d4        0x0 /usr/lib/gcc/arm-none-eabi/13.2.1/thumb/v7e-m+fp/hard/crtbegin.o

.ccmram         0x10000000        0x0 load address 0x08008c18
                0x10000000                        . = ALIGN (0x4)
                0x10000000                        _sccmram = .
 *(.ccmram)
 *(.ccmram*)
                0x10000000                        . = ALIGN (0x4)
                0x10000000                        _eccmram = .
                0x10000000                        . = ALIGN (0x4)

.bss            0x200001d4      0x398
                0x200001d4                        _sbss = .
                0x200001d4                        __bss_start__ = _sbss
 *(.bss)
 .bss           0x200001d4       0x1c /usr/lib/gcc/arm-none-eabi/13.2.1/thumb/v7e-m+fp/hard/crtbegin.o
 .bss           0x200001f0        0x8 /usr/lib/gcc/arm-none-eabi/13.2.1/../../../arm-none-eabi/lib/thumb/v7e-m+fp/hard/libc_nano.a(libc_a-mallocr.o)
                0x200001f0                __malloc_sbrk_start
                0x200001f4                __malloc_free_list
 .bss           0x200001f8      0x13c /usr/lib/gcc/arm-none-eabi/13.2.1/../../../arm-none-eabi/lib/thumb/v7e-m+fp/hard/libc_nano.a(libc_a-findfp.o)
                0x200001f8                __sf
                0x20000330                __stdio_exit_handler
 .bss           0x20000334        0x4 /usr/lib/gcc/arm-none-eabi/13.2.1/../../../arm-none-eabi/lib/thumb/v7e-m+fp/hard/libc_nano.a(libc_a-reent.o)
                0x20000334                errno
 .bss           0x20000338        0x4 /usr/lib/gcc/arm-none-eabi/13.2.1/../../../arm-none-eabi/lib/thumb/v7e-m+fp/hard/libnosys.a(sbrk.o)
 *(.bss*)
 .bss.lastUpdate.0
                0x2000033c        0x4 build/main.o
 .bss.mode      0x20000340        0x4 build/main.o
 .bss.currentState
                0x20000344        0x1 build/main.o
                0x20000344                currentState
 *fill*         0x20000345        0x3 
 .bss.htim3     0x20000348       0x48 build/tim.o
                0x20000348                htim3
 .bss.htim1     0x20000390       0x48 build/tim.o
                0x20000390                htim1
 .bss.huart2    0x200003d8       0x48 build/usart.o
                0x200003d8                huart2
 .bss.uwTick    0x20000420        0x4 build/stm32f4xx_hal.o
                0x20000420                uwTick
 .bss.receiveBuf.0
                0x20000424       0x20 build/usart_comm.o
 .bss.index.1   0x20000444        0x4 build/usart_comm.o
 .bss.startReceived.2
                0x20000448        0x1 build/usart_comm.o
 *fill*         0x20000449        0x3 
 .bss.txBuffer  0x2000044c      0x100 build/usart_comm.o
                0x2000044c                txBuffer
 .bss.error_count.0
                0x2000054c        0x4 build/hcsr04.o
 .bss.last_update.1
                0x20000550        0x4 build/hcsr04.o
 .bss.sensor_instance
                0x20000554       0x18 build/hcsr04.o
 *(COMMON)
                0x2000056c                        . = ALIGN (0x4)
                0x2000056c                        _ebss = .
                0x2000056c                        __bss_end__ = _ebss

._user_heap_stack
                0x2000056c      0x604
                0x20000570                        . = ALIGN (0x8)
 *fill*         0x2000056c        0x4 
                0x20000570                        PROVIDE (end = .)
                [!provide]                        PROVIDE (_end = .)
                0x20000770                        . = (. + _Min_Heap_Size)
 *fill*         0x20000570      0x200 
                0x20000b70                        . = (. + _Min_Stack_Size)
 *fill*         0x20000770      0x400 
                0x20000b70                        . = ALIGN (0x8)

/DISCARD/
 libc.a(*)
 libm.a(*)
 libgcc.a(*)
OUTPUT(build/Capteur_actionneur.elf elf32-littlearm)
LOAD linker stubs
LOAD /usr/lib/gcc/arm-none-eabi/13.2.1/../../../arm-none-eabi/lib/thumb/v7e-m+fp/hard/libc.a
LOAD /usr/lib/gcc/arm-none-eabi/13.2.1/../../../arm-none-eabi/lib/thumb/v7e-m+fp/hard/libm.a
LOAD /usr/lib/gcc/arm-none-eabi/13.2.1/thumb/v7e-m+fp/hard/libgcc.a

.ARM.attributes
                0x00000000       0x30
 .ARM.attributes
                0x00000000       0x22 /usr/lib/gcc/arm-none-eabi/13.2.1/thumb/v7e-m+fp/hard/crti.o
 .ARM.attributes
                0x00000022       0x34 /usr/lib/gcc/arm-none-eabi/13.2.1/thumb/v7e-m+fp/hard/crtbegin.o
 .ARM.attributes
                0x00000056       0x34 build/main.o
 .ARM.attributes
                0x0000008a       0x34 build/gpio.o
 .ARM.attributes
                0x000000be       0x34 build/tim.o
 .ARM.attributes
                0x000000f2       0x34 build/usart.o
 .ARM.attributes
                0x00000126       0x34 build/stm32f4xx_it.o
 .ARM.attributes
                0x0000015a       0x34 build/stm32f4xx_hal_msp.o
 .ARM.attributes
                0x0000018e       0x34 build/stm32f4xx_hal_tim.o
 .ARM.attributes
                0x000001c2       0x34 build/stm32f4xx_hal_tim_ex.o
 .ARM.attributes
                0x000001f6       0x34 build/stm32f4xx_hal_rcc.o
 .ARM.attributes
                0x0000022a       0x34 build/stm32f4xx_hal_gpio.o
 .ARM.attributes
                0x0000025e       0x34 build/stm32f4xx_hal_cortex.o
 .ARM.attributes
                0x00000292       0x34 build/stm32f4xx_hal.o
 .ARM.attributes
                0x000002c6       0x34 build/stm32f4xx_hal_uart.o
 .ARM.attributes
                0x000002fa       0x34 build/system_stm32f4xx.o
 .ARM.attributes
                0x0000032e       0x34 build/usart_comm.o
 .ARM.attributes
                0x00000362       0x34 build/hcsr04.o
 .ARM.attributes
                0x00000396       0x34 build/servo.o
 .ARM.attributes
                0x000003ca       0x21 build/startup_stm32f407xx.o
 .ARM.attributes
                0x000003eb       0x34 /usr/lib/gcc/arm-none-eabi/13.2.1/../../../arm-none-eabi/lib/thumb/v7e-m+fp/hard/libc_nano.a(libc_a-sprintf.o)
 .ARM.attributes
                0x0000041f       0x34 /usr/lib/gcc/arm-none-eabi/13.2.1/../../../arm-none-eabi/lib/thumb/v7e-m+fp/hard/libc_nano.a(libc_a-impure.o)
 .ARM.attributes
                0x00000453       0x34 /usr/lib/gcc/arm-none-eabi/13.2.1/../../../arm-none-eabi/lib/thumb/v7e-m+fp/hard/libc_nano.a(libc_a-nano-svfprintf.o)
 .ARM.attributes
                0x00000487       0x34 /usr/lib/gcc/arm-none-eabi/13.2.1/../../../arm-none-eabi/lib/thumb/v7e-m+fp/hard/libc_nano.a(libc_a-init.o)
 .ARM.attributes
                0x000004bb       0x34 /usr/lib/gcc/arm-none-eabi/13.2.1/../../../arm-none-eabi/lib/thumb/v7e-m+fp/hard/libc_nano.a(libc_a-sscanf.o)
 .ARM.attributes
                0x000004ef       0x1c /usr/lib/gcc/arm-none-eabi/13.2.1/../../../arm-none-eabi/lib/thumb/v7e-m+fp/hard/libc_nano.a(libc_a-strlen.o)
 .ARM.attributes
                0x0000050b       0x34 /usr/lib/gcc/arm-none-eabi/13.2.1/../../../arm-none-eabi/lib/thumb/v7e-m+fp/hard/libc_nano.a(libc_a-memset.o)
 .ARM.attributes
                0x0000053f       0x34 /usr/lib/gcc/arm-none-eabi/13.2.1/../../../arm-none-eabi/lib/thumb/v7e-m+fp/hard/libc_nano.a(libc_a-nano-vfprintf_float.o)
 .ARM.attributes
                0x00000573       0x34 /usr/lib/gcc/arm-none-eabi/13.2.1/../../../arm-none-eabi/lib/thumb/v7e-m+fp/hard/libc_nano.a(libc_a-mallocr.o)
 .ARM.attributes
                0x000005a7       0x34 /usr/lib/gcc/arm-none-eabi/13.2.1/../../../arm-none-eabi/lib/thumb/v7e-m+fp/hard/libc_nano.a(libc_a-dtoa.o)
 .ARM.attributes
                0x000005db       0x34 /usr/lib/gcc/arm-none-eabi/13.2.1/../../../arm-none-eabi/lib/thumb/v7e-m+fp/hard/libc_nano.a(libc_a-freer.o)
 .ARM.attributes
                0x0000060f       0x34 /usr/lib/gcc/arm-none-eabi/13.2.1/../../../arm-none-eabi/lib/thumb/v7e-m+fp/hard/libc_nano.a(libc_a-memmove.o)
 .ARM.attributes
                0x00000643       0x1c /usr/lib/gcc/arm-none-eabi/13.2.1/../../../arm-none-eabi/lib/thumb/v7e-m+fp/hard/libc_nano.a(libc_a-memchr.o)
 .ARM.attributes
                0x0000065f       0x20 /usr/lib/gcc/arm-none-eabi/13.2.1/../../../arm-none-eabi/lib/thumb/v7e-m+fp/hard/libc_nano.a(libc_a-memcpy.o)
 .ARM.attributes
                0x0000067f       0x34 /usr/lib/gcc/arm-none-eabi/13.2.1/../../../arm-none-eabi/lib/thumb/v7e-m+fp/hard/libc_nano.a(libc_a-malloc.o)
 .ARM.attributes
                0x000006b3       0x34 /usr/lib/gcc/arm-none-eabi/13.2.1/../../../arm-none-eabi/lib/thumb/v7e-m+fp/hard/libc_nano.a(libc_a-strncpy.o)
 .ARM.attributes
                0x000006e7       0x34 /usr/lib/gcc/arm-none-eabi/13.2.1/../../../arm-none-eabi/lib/thumb/v7e-m+fp/hard/libc_nano.a(libc_a-reallocr.o)
 .ARM.attributes
                0x0000071b       0x34 /usr/lib/gcc/arm-none-eabi/13.2.1/../../../arm-none-eabi/lib/thumb/v7e-m+fp/hard/libc_nano.a(libc_a-nano-vfprintf_i.o)
 .ARM.attributes
                0x0000074f       0x34 /usr/lib/gcc/arm-none-eabi/13.2.1/../../../arm-none-eabi/lib/thumb/v7e-m+fp/hard/libc_nano.a(libc_a-mlock.o)
 .ARM.attributes
                0x00000783       0x20 /usr/lib/gcc/arm-none-eabi/13.2.1/../../../arm-none-eabi/lib/thumb/v7e-m+fp/hard/libc_nano.a(libc_a-strcmp.o)
 .ARM.attributes
                0x000007a3       0x34 /usr/lib/gcc/arm-none-eabi/13.2.1/../../../arm-none-eabi/lib/thumb/v7e-m+fp/hard/libc_nano.a(libc_a-assert.o)
 .ARM.attributes
                0x000007d7       0x34 /usr/lib/gcc/arm-none-eabi/13.2.1/../../../arm-none-eabi/lib/thumb/v7e-m+fp/hard/libc_nano.a(libc_a-mprec.o)
 .ARM.attributes
                0x0000080b       0x34 /usr/lib/gcc/arm-none-eabi/13.2.1/../../../arm-none-eabi/lib/thumb/v7e-m+fp/hard/libc_nano.a(libc_a-sbrkr.o)
 .ARM.attributes
                0x0000083f       0x34 /usr/lib/gcc/arm-none-eabi/13.2.1/../../../arm-none-eabi/lib/thumb/v7e-m+fp/hard/libc_nano.a(libc_a-stdio.o)
 .ARM.attributes
                0x00000873       0x34 /usr/lib/gcc/arm-none-eabi/13.2.1/../../../arm-none-eabi/lib/thumb/v7e-m+fp/hard/libc_nano.a(libc_a-msizer.o)
 .ARM.attributes
                0x000008a7       0x34 /usr/lib/gcc/arm-none-eabi/13.2.1/../../../arm-none-eabi/lib/thumb/v7e-m+fp/hard/libc_nano.a(libc_a-localeconv.o)
 .ARM.attributes
                0x000008db       0x34 /usr/lib/gcc/arm-none-eabi/13.2.1/../../../arm-none-eabi/lib/thumb/v7e-m+fp/hard/libc_nano.a(libc_a-nano-svfscanf.o)
 .ARM.attributes
                0x0000090f       0x34 /usr/lib/gcc/arm-none-eabi/13.2.1/../../../arm-none-eabi/lib/thumb/v7e-m+fp/hard/libc_nano.a(libc_a-nano-vfscanf_i.o)
 .ARM.attributes
                0x00000943       0x34 /usr/lib/gcc/arm-none-eabi/13.2.1/../../../arm-none-eabi/lib/thumb/v7e-m+fp/hard/libc_nano.a(libc_a-findfp.o)
 .ARM.attributes
                0x00000977       0x34 /usr/lib/gcc/arm-none-eabi/13.2.1/../../../arm-none-eabi/lib/thumb/v7e-m+fp/hard/libc_nano.a(libc_a-abort.o)
 .ARM.attributes
                0x000009ab       0x34 /usr/lib/gcc/arm-none-eabi/13.2.1/../../../arm-none-eabi/lib/thumb/v7e-m+fp/hard/libc_nano.a(libc_a-closer.o)
 .ARM.attributes
                0x000009df       0x34 /usr/lib/gcc/arm-none-eabi/13.2.1/../../../arm-none-eabi/lib/thumb/v7e-m+fp/hard/libc_nano.a(libc_a-fflush.o)
 .ARM.attributes
                0x00000a13       0x34 /usr/lib/gcc/arm-none-eabi/13.2.1/../../../arm-none-eabi/lib/thumb/v7e-m+fp/hard/libc_nano.a(libc_a-callocr.o)
 .ARM.attributes
                0x00000a47       0x34 /usr/lib/gcc/arm-none-eabi/13.2.1/../../../arm-none-eabi/lib/thumb/v7e-m+fp/hard/libc_nano.a(libc_a-locale.o)
 .ARM.attributes
                0x00000a7b       0x34 /usr/lib/gcc/arm-none-eabi/13.2.1/../../../arm-none-eabi/lib/thumb/v7e-m+fp/hard/libc_nano.a(libc_a-strtol.o)
 .ARM.attributes
                0x00000aaf       0x34 /usr/lib/gcc/arm-none-eabi/13.2.1/../../../arm-none-eabi/lib/thumb/v7e-m+fp/hard/libc_nano.a(libc_a-fwalk.o)
 .ARM.attributes
                0x00000ae3       0x34 /usr/lib/gcc/arm-none-eabi/13.2.1/../../../arm-none-eabi/lib/thumb/v7e-m+fp/hard/libc_nano.a(libc_a-wctomb_r.o)
 .ARM.attributes
                0x00000b17       0x34 /usr/lib/gcc/arm-none-eabi/13.2.1/../../../arm-none-eabi/lib/thumb/v7e-m+fp/hard/libc_nano.a(libc_a-readr.o)
 .ARM.attributes
                0x00000b4b       0x34 /usr/lib/gcc/arm-none-eabi/13.2.1/../../../arm-none-eabi/lib/thumb/v7e-m+fp/hard/libc_nano.a(libc_a-fprintf.o)
 .ARM.attributes
                0x00000b7f       0x34 /usr/lib/gcc/arm-none-eabi/13.2.1/../../../arm-none-eabi/lib/thumb/v7e-m+fp/hard/libc_nano.a(libc_a-reent.o)
 .ARM.attributes
                0x00000bb3       0x34 /usr/lib/gcc/arm-none-eabi/13.2.1/../../../arm-none-eabi/lib/thumb/v7e-m+fp/hard/libc_nano.a(libc_a-sccl.o)
 .ARM.attributes
                0x00000be7       0x34 /usr/lib/gcc/arm-none-eabi/13.2.1/../../../arm-none-eabi/lib/thumb/v7e-m+fp/hard/libc_nano.a(libc_a-lseekr.o)
 .ARM.attributes
                0x00000c1b       0x34 /usr/lib/gcc/arm-none-eabi/13.2.1/../../../arm-none-eabi/lib/thumb/v7e-m+fp/hard/libc_nano.a(libc_a-ungetc.o)
 .ARM.attributes
                0x00000c4f       0x34 /usr/lib/gcc/arm-none-eabi/13.2.1/../../../arm-none-eabi/lib/thumb/v7e-m+fp/hard/libc_nano.a(libc_a-ctype_.o)
 .ARM.attributes
                0x00000c83       0x34 /usr/lib/gcc/arm-none-eabi/13.2.1/../../../arm-none-eabi/lib/thumb/v7e-m+fp/hard/libc_nano.a(libc_a-writer.o)
 .ARM.attributes
                0x00000cb7       0x34 /usr/lib/gcc/arm-none-eabi/13.2.1/../../../arm-none-eabi/lib/thumb/v7e-m+fp/hard/libc_nano.a(libc_a-nano-vfprintf.o)
 .ARM.attributes
                0x00000ceb       0x34 /usr/lib/gcc/arm-none-eabi/13.2.1/../../../arm-none-eabi/lib/thumb/v7e-m+fp/hard/libc_nano.a(libc_a-wbuf.o)
 .ARM.attributes
                0x00000d1f       0x34 /usr/lib/gcc/arm-none-eabi/13.2.1/../../../arm-none-eabi/lib/thumb/v7e-m+fp/hard/libc_nano.a(libc_a-strtoul.o)
 .ARM.attributes
                0x00000d53       0x34 /usr/lib/gcc/arm-none-eabi/13.2.1/../../../arm-none-eabi/lib/thumb/v7e-m+fp/hard/libc_nano.a(libc_a-fvwrite.o)
 .ARM.attributes
                0x00000d87       0x34 /usr/lib/gcc/arm-none-eabi/13.2.1/../../../arm-none-eabi/lib/thumb/v7e-m+fp/hard/libc_nano.a(libc_a-mbtowc_r.o)
 .ARM.attributes
                0x00000dbb       0x34 /usr/lib/gcc/arm-none-eabi/13.2.1/../../../arm-none-eabi/lib/thumb/v7e-m+fp/hard/libc_nano.a(libc_a-signal.o)
 .ARM.attributes
                0x00000def       0x34 /usr/lib/gcc/arm-none-eabi/13.2.1/../../../arm-none-eabi/lib/thumb/v7e-m+fp/hard/libc_nano.a(libc_a-errno.o)
 .ARM.attributes
                0x00000e23       0x34 /usr/lib/gcc/arm-none-eabi/13.2.1/../../../arm-none-eabi/lib/thumb/v7e-m+fp/hard/libc_nano.a(libc_a-wsetup.o)
 .ARM.attributes
                0x00000e57       0x34 /usr/lib/gcc/arm-none-eabi/13.2.1/../../../arm-none-eabi/lib/thumb/v7e-m+fp/hard/libc_nano.a(libc_a-makebuf.o)
 .ARM.attributes
                0x00000e8b       0x34 /usr/lib/gcc/arm-none-eabi/13.2.1/../../../arm-none-eabi/lib/thumb/v7e-m+fp/hard/libc_nano.a(libc_a-isattyr.o)
 .ARM.attributes
                0x00000ebf       0x34 /usr/lib/gcc/arm-none-eabi/13.2.1/../../../arm-none-eabi/lib/thumb/v7e-m+fp/hard/libc_nano.a(libc_a-signalr.o)
 .ARM.attributes
                0x00000ef3       0x34 /usr/lib/gcc/arm-none-eabi/13.2.1/../../../arm-none-eabi/lib/thumb/v7e-m+fp/hard/libc_nano.a(libc_a-fstatr.o)
 .ARM.attributes
                0x00000f27       0x34 /usr/lib/gcc/arm-none-eabi/13.2.1/../../../arm-none-eabi/lib/thumb/v7e-m+fp/hard/libnosys.a(close.o)
 .ARM.attributes
                0x00000f5b       0x34 /usr/lib/gcc/arm-none-eabi/13.2.1/../../../arm-none-eabi/lib/thumb/v7e-m+fp/hard/libnosys.a(fstat.o)
 .ARM.attributes
                0x00000f8f       0x34 /usr/lib/gcc/arm-none-eabi/13.2.1/../../../arm-none-eabi/lib/thumb/v7e-m+fp/hard/libnosys.a(getpid.o)
 .ARM.attributes
                0x00000fc3       0x34 /usr/lib/gcc/arm-none-eabi/13.2.1/../../../arm-none-eabi/lib/thumb/v7e-m+fp/hard/libnosys.a(isatty.o)
 .ARM.attributes
                0x00000ff7       0x34 /usr/lib/gcc/arm-none-eabi/13.2.1/../../../arm-none-eabi/lib/thumb/v7e-m+fp/hard/libnosys.a(kill.o)
 .ARM.attributes
                0x0000102b       0x34 /usr/lib/gcc/arm-none-eabi/13.2.1/../../../arm-none-eabi/lib/thumb/v7e-m+fp/hard/libnosys.a(lseek.o)
 .ARM.attributes
                0x0000105f       0x34 /usr/lib/gcc/arm-none-eabi/13.2.1/../../../arm-none-eabi/lib/thumb/v7e-m+fp/hard/libnosys.a(read.o)
 .ARM.attributes
                0x00001093       0x34 /usr/lib/gcc/arm-none-eabi/13.2.1/../../../arm-none-eabi/lib/thumb/v7e-m+fp/hard/libnosys.a(sbrk.o)
 .ARM.attributes
                0x000010c7       0x34 /usr/lib/gcc/arm-none-eabi/13.2.1/../../../arm-none-eabi/lib/thumb/v7e-m+fp/hard/libnosys.a(write.o)
 .ARM.attributes
                0x000010fb       0x34 /usr/lib/gcc/arm-none-eabi/13.2.1/../../../arm-none-eabi/lib/thumb/v7e-m+fp/hard/libnosys.a(_exit.o)
 .ARM.attributes
                0x0000112f       0x22 /usr/lib/gcc/arm-none-eabi/13.2.1/thumb/v7e-m+fp/hard/libgcc.a(_arm_addsubdf3.o)
 .ARM.attributes
                0x00001151       0x22 /usr/lib/gcc/arm-none-eabi/13.2.1/thumb/v7e-m+fp/hard/libgcc.a(_arm_muldivdf3.o)
 .ARM.attributes
                0x00001173       0x22 /usr/lib/gcc/arm-none-eabi/13.2.1/thumb/v7e-m+fp/hard/libgcc.a(_arm_cmpdf2.o)
 .ARM.attributes
                0x00001195       0x22 /usr/lib/gcc/arm-none-eabi/13.2.1/thumb/v7e-m+fp/hard/libgcc.a(_arm_unorddf2.o)
 .ARM.attributes
                0x000011b7       0x22 /usr/lib/gcc/arm-none-eabi/13.2.1/thumb/v7e-m+fp/hard/libgcc.a(_arm_fixdfsi.o)
 .ARM.attributes
                0x000011d9       0x22 /usr/lib/gcc/arm-none-eabi/13.2.1/thumb/v7e-m+fp/hard/libgcc.a(_aeabi_uldivmod.o)
 .ARM.attributes
                0x000011fb       0x34 /usr/lib/gcc/arm-none-eabi/13.2.1/thumb/v7e-m+fp/hard/libgcc.a(_udivmoddi4.o)
 .ARM.attributes
                0x0000122f       0x22 /usr/lib/gcc/arm-none-eabi/13.2.1/thumb/v7e-m+fp/hard/libgcc.a(_dvmd_tls.o)
 .ARM.attributes
                0x00001251       0x34 /usr/lib/gcc/arm-none-eabi/13.2.1/thumb/v7e-m+fp/hard/crtend.o
 .ARM.attributes
                0x00001285       0x22 /usr/lib/gcc/arm-none-eabi/13.2.1/thumb/v7e-m+fp/hard/crtn.o

.comment        0x00000000       0x26
 .comment       0x00000000       0x26 /usr/lib/gcc/arm-none-eabi/13.2.1/thumb/v7e-m+fp/hard/crtbegin.o
                                 0x27 (size before relaxing)
 .comment       0x00000026       0x27 build/main.o
 .comment       0x00000026       0x27 build/gpio.o
 .comment       0x00000026       0x27 build/tim.o
 .comment       0x00000026       0x27 build/usart.o
 .comment       0x00000026       0x27 build/stm32f4xx_it.o
 .comment       0x00000026       0x27 build/stm32f4xx_hal_msp.o
 .comment       0x00000026       0x27 build/stm32f4xx_hal_tim.o
 .comment       0x00000026       0x27 build/stm32f4xx_hal_tim_ex.o
 .comment       0x00000026       0x27 build/stm32f4xx_hal_rcc.o
 .comment       0x00000026       0x27 build/stm32f4xx_hal_gpio.o
 .comment       0x00000026       0x27 build/stm32f4xx_hal_cortex.o
 .comment       0x00000026       0x27 build/stm32f4xx_hal.o
 .comment       0x00000026       0x27 build/stm32f4xx_hal_uart.o
 .comment       0x00000026       0x27 build/system_stm32f4xx.o
 .comment       0x00000026       0x27 build/usart_comm.o
 .comment       0x00000026       0x27 build/hcsr04.o
 .comment       0x00000026       0x27 build/servo.o
 .comment       0x00000026       0x27 /usr/lib/gcc/arm-none-eabi/13.2.1/../../../arm-none-eabi/lib/thumb/v7e-m+fp/hard/libc_nano.a(libc_a-sprintf.o)
 .comment       0x00000026       0x27 /usr/lib/gcc/arm-none-eabi/13.2.1/../../../arm-none-eabi/lib/thumb/v7e-m+fp/hard/libc_nano.a(libc_a-impure.o)
 .comment       0x00000026       0x27 /usr/lib/gcc/arm-none-eabi/13.2.1/../../../arm-none-eabi/lib/thumb/v7e-m+fp/hard/libc_nano.a(libc_a-nano-svfprintf.o)
 .comment       0x00000026       0x27 /usr/lib/gcc/arm-none-eabi/13.2.1/../../../arm-none-eabi/lib/thumb/v7e-m+fp/hard/libc_nano.a(libc_a-init.o)
 .comment       0x00000026       0x27 /usr/lib/gcc/arm-none-eabi/13.2.1/../../../arm-none-eabi/lib/thumb/v7e-m+fp/hard/libc_nano.a(libc_a-sscanf.o)
 .comment       0x00000026       0x27 /usr/lib/gcc/arm-none-eabi/13.2.1/../../../arm-none-eabi/lib/thumb/v7e-m+fp/hard/libc_nano.a(libc_a-memset.o)
 .comment       0x00000026       0x27 /usr/lib/gcc/arm-none-eabi/13.2.1/../../../arm-none-eabi/lib/thumb/v7e-m+fp/hard/libc_nano.a(libc_a-nano-vfprintf_float.o)
 .comment       0x00000026       0x27 /usr/lib/gcc/arm-none-eabi/13.2.1/../../../arm-none-eabi/lib/thumb/v7e-m+fp/hard/libc_nano.a(libc_a-mallocr.o)
 .comment       0x00000026       0x27 /usr/lib/gcc/arm-none-eabi/13.2.1/../../../arm-none-eabi/lib/thumb/v7e-m+fp/hard/libc_nano.a(libc_a-dtoa.o)
 .comment       0x00000026       0x27 /usr/lib/gcc/arm-none-eabi/13.2.1/../../../arm-none-eabi/lib/thumb/v7e-m+fp/hard/libc_nano.a(libc_a-freer.o)
 .comment       0x00000026       0x27 /usr/lib/gcc/arm-none-eabi/13.2.1/../../../arm-none-eabi/lib/thumb/v7e-m+fp/hard/libc_nano.a(libc_a-memmove.o)
 .comment       0x00000026       0x27 /usr/lib/gcc/arm-none-eabi/13.2.1/../../../arm-none-eabi/lib/thumb/v7e-m+fp/hard/libc_nano.a(libc_a-malloc.o)
 .comment       0x00000026       0x27 /usr/lib/gcc/arm-none-eabi/13.2.1/../../../arm-none-eabi/lib/thumb/v7e-m+fp/hard/libc_nano.a(libc_a-strncpy.o)
 .comment       0x00000026       0x27 /usr/lib/gcc/arm-none-eabi/13.2.1/../../../arm-none-eabi/lib/thumb/v7e-m+fp/hard/libc_nano.a(libc_a-reallocr.o)
 .comment       0x00000026       0x27 /usr/lib/gcc/arm-none-eabi/13.2.1/../../../arm-none-eabi/lib/thumb/v7e-m+fp/hard/libc_nano.a(libc_a-nano-vfprintf_i.o)
 .comment       0x00000026       0x27 /usr/lib/gcc/arm-none-eabi/13.2.1/../../../arm-none-eabi/lib/thumb/v7e-m+fp/hard/libc_nano.a(libc_a-mlock.o)
 .comment       0x00000026       0x27 /usr/lib/gcc/arm-none-eabi/13.2.1/../../../arm-none-eabi/lib/thumb/v7e-m+fp/hard/libc_nano.a(libc_a-assert.o)
 .comment       0x00000026       0x27 /usr/lib/gcc/arm-none-eabi/13.2.1/../../../arm-none-eabi/lib/thumb/v7e-m+fp/hard/libc_nano.a(libc_a-mprec.o)
 .comment       0x00000026       0x27 /usr/lib/gcc/arm-none-eabi/13.2.1/../../../arm-none-eabi/lib/thumb/v7e-m+fp/hard/libc_nano.a(libc_a-sbrkr.o)
 .comment       0x00000026       0x27 /usr/lib/gcc/arm-none-eabi/13.2.1/../../../arm-none-eabi/lib/thumb/v7e-m+fp/hard/libc_nano.a(libc_a-stdio.o)
 .comment       0x00000026       0x27 /usr/lib/gcc/arm-none-eabi/13.2.1/../../../arm-none-eabi/lib/thumb/v7e-m+fp/hard/libc_nano.a(libc_a-msizer.o)
 .comment       0x00000026       0x27 /usr/lib/gcc/arm-none-eabi/13.2.1/../../../arm-none-eabi/lib/thumb/v7e-m+fp/hard/libc_nano.a(libc_a-localeconv.o)
 .comment       0x00000026       0x27 /usr/lib/gcc/arm-none-eabi/13.2.1/../../../arm-none-eabi/lib/thumb/v7e-m+fp/hard/libc_nano.a(libc_a-nano-svfscanf.o)
 .comment       0x00000026       0x27 /usr/lib/gcc/arm-none-eabi/13.2.1/../../../arm-none-eabi/lib/thumb/v7e-m+fp/hard/libc_nano.a(libc_a-nano-vfscanf_i.o)
 .comment       0x00000026       0x27 /usr/lib/gcc/arm-none-eabi/13.2.1/../../../arm-none-eabi/lib/thumb/v7e-m+fp/hard/libc_nano.a(libc_a-findfp.o)
 .comment       0x00000026       0x27 /usr/lib/gcc/arm-none-eabi/13.2.1/../../../arm-none-eabi/lib/thumb/v7e-m+fp/hard/libc_nano.a(libc_a-abort.o)
 .comment       0x00000026       0x27 /usr/lib/gcc/arm-none-eabi/13.2.1/../../../arm-none-eabi/lib/thumb/v7e-m+fp/hard/libc_nano.a(libc_a-closer.o)
 .comment       0x00000026       0x27 /usr/lib/gcc/arm-none-eabi/13.2.1/../../../arm-none-eabi/lib/thumb/v7e-m+fp/hard/libc_nano.a(libc_a-fflush.o)
 .comment       0x00000026       0x27 /usr/lib/gcc/arm-none-eabi/13.2.1/../../../arm-none-eabi/lib/thumb/v7e-m+fp/hard/libc_nano.a(libc_a-callocr.o)
 .comment       0x00000026       0x27 /usr/lib/gcc/arm-none-eabi/13.2.1/../../../arm-none-eabi/lib/thumb/v7e-m+fp/hard/libc_nano.a(libc_a-locale.o)
 .comment       0x00000026       0x27 /usr/lib/gcc/arm-none-eabi/13.2.1/../../../arm-none-eabi/lib/thumb/v7e-m+fp/hard/libc_nano.a(libc_a-strtol.o)
 .comment       0x00000026       0x27 /usr/lib/gcc/arm-none-eabi/13.2.1/../../../arm-none-eabi/lib/thumb/v7e-m+fp/hard/libc_nano.a(libc_a-fwalk.o)
 .comment       0x00000026       0x27 /usr/lib/gcc/arm-none-eabi/13.2.1/../../../arm-none-eabi/lib/thumb/v7e-m+fp/hard/libc_nano.a(libc_a-wctomb_r.o)
 .comment       0x00000026       0x27 /usr/lib/gcc/arm-none-eabi/13.2.1/../../../arm-none-eabi/lib/thumb/v7e-m+fp/hard/libc_nano.a(libc_a-readr.o)
 .comment       0x00000026       0x27 /usr/lib/gcc/arm-none-eabi/13.2.1/../../../arm-none-eabi/lib/thumb/v7e-m+fp/hard/libc_nano.a(libc_a-fprintf.o)
 .comment       0x00000026       0x27 /usr/lib/gcc/arm-none-eabi/13.2.1/../../../arm-none-eabi/lib/thumb/v7e-m+fp/hard/libc_nano.a(libc_a-reent.o)
 .comment       0x00000026       0x27 /usr/lib/gcc/arm-none-eabi/13.2.1/../../../arm-none-eabi/lib/thumb/v7e-m+fp/hard/libc_nano.a(libc_a-sccl.o)
 .comment       0x00000026       0x27 /usr/lib/gcc/arm-none-eabi/13.2.1/../../../arm-none-eabi/lib/thumb/v7e-m+fp/hard/libc_nano.a(libc_a-lseekr.o)
 .comment       0x00000026       0x27 /usr/lib/gcc/arm-none-eabi/13.2.1/../../../arm-none-eabi/lib/thumb/v7e-m+fp/hard/libc_nano.a(libc_a-ungetc.o)
 .comment       0x00000026       0x27 /usr/lib/gcc/arm-none-eabi/13.2.1/../../../arm-none-eabi/lib/thumb/v7e-m+fp/hard/libc_nano.a(libc_a-ctype_.o)
 .comment       0x00000026       0x27 /usr/lib/gcc/arm-none-eabi/13.2.1/../../../arm-none-eabi/lib/thumb/v7e-m+fp/hard/libc_nano.a(libc_a-writer.o)
 .comment       0x00000026       0x27 /usr/lib/gcc/arm-none-eabi/13.2.1/../../../arm-none-eabi/lib/thumb/v7e-m+fp/hard/libc_nano.a(libc_a-nano-vfprintf.o)
 .comment       0x00000026       0x27 /usr/lib/gcc/arm-none-eabi/13.2.1/../../../arm-none-eabi/lib/thumb/v7e-m+fp/hard/libc_nano.a(libc_a-wbuf.o)
 .comment       0x00000026       0x27 /usr/lib/gcc/arm-none-eabi/13.2.1/../../../arm-none-eabi/lib/thumb/v7e-m+fp/hard/libc_nano.a(libc_a-strtoul.o)
 .comment       0x00000026       0x27 /usr/lib/gcc/arm-none-eabi/13.2.1/../../../arm-none-eabi/lib/thumb/v7e-m+fp/hard/libc_nano.a(libc_a-fvwrite.o)
 .comment       0x00000026       0x27 /usr/lib/gcc/arm-none-eabi/13.2.1/../../../arm-none-eabi/lib/thumb/v7e-m+fp/hard/libc_nano.a(libc_a-mbtowc_r.o)
 .comment       0x00000026       0x27 /usr/lib/gcc/arm-none-eabi/13.2.1/../../../arm-none-eabi/lib/thumb/v7e-m+fp/hard/libc_nano.a(libc_a-signal.o)
 .comment       0x00000026       0x27 /usr/lib/gcc/arm-none-eabi/13.2.1/../../../arm-none-eabi/lib/thumb/v7e-m+fp/hard/libc_nano.a(libc_a-errno.o)
 .comment       0x00000026       0x27 /usr/lib/gcc/arm-none-eabi/13.2.1/../../../arm-none-eabi/lib/thumb/v7e-m+fp/hard/libc_nano.a(libc_a-wsetup.o)
 .comment       0x00000026       0x27 /usr/lib/gcc/arm-none-eabi/13.2.1/../../../arm-none-eabi/lib/thumb/v7e-m+fp/hard/libc_nano.a(libc_a-makebuf.o)
 .comment       0x00000026       0x27 /usr/lib/gcc/arm-none-eabi/13.2.1/../../../arm-none-eabi/lib/thumb/v7e-m+fp/hard/libc_nano.a(libc_a-isattyr.o)
 .comment       0x00000026       0x27 /usr/lib/gcc/arm-none-eabi/13.2.1/../../../arm-none-eabi/lib/thumb/v7e-m+fp/hard/libc_nano.a(libc_a-signalr.o)
 .comment       0x00000026       0x27 /usr/lib/gcc/arm-none-eabi/13.2.1/../../../arm-none-eabi/lib/thumb/v7e-m+fp/hard/libc_nano.a(libc_a-fstatr.o)
 .comment       0x00000026       0x27 /usr/lib/gcc/arm-none-eabi/13.2.1/../../../arm-none-eabi/lib/thumb/v7e-m+fp/hard/libnosys.a(close.o)
 .comment       0x00000026       0x27 /usr/lib/gcc/arm-none-eabi/13.2.1/../../../arm-none-eabi/lib/thumb/v7e-m+fp/hard/libnosys.a(fstat.o)
 .comment       0x00000026       0x27 /usr/lib/gcc/arm-none-eabi/13.2.1/../../../arm-none-eabi/lib/thumb/v7e-m+fp/hard/libnosys.a(getpid.o)
 .comment       0x00000026       0x27 /usr/lib/gcc/arm-none-eabi/13.2.1/../../../arm-none-eabi/lib/thumb/v7e-m+fp/hard/libnosys.a(isatty.o)
 .comment       0x00000026       0x27 /usr/lib/gcc/arm-none-eabi/13.2.1/../../../arm-none-eabi/lib/thumb/v7e-m+fp/hard/libnosys.a(kill.o)
 .comment       0x00000026       0x27 /usr/lib/gcc/arm-none-eabi/13.2.1/../../../arm-none-eabi/lib/thumb/v7e-m+fp/hard/libnosys.a(lseek.o)
 .comment       0x00000026       0x27 /usr/lib/gcc/arm-none-eabi/13.2.1/../../../arm-none-eabi/lib/thumb/v7e-m+fp/hard/libnosys.a(read.o)
 .comment       0x00000026       0x27 /usr/lib/gcc/arm-none-eabi/13.2.1/../../../arm-none-eabi/lib/thumb/v7e-m+fp/hard/libnosys.a(sbrk.o)
 .comment       0x00000026       0x27 /usr/lib/gcc/arm-none-eabi/13.2.1/../../../arm-none-eabi/lib/thumb/v7e-m+fp/hard/libnosys.a(write.o)
 .comment       0x00000026       0x27 /usr/lib/gcc/arm-none-eabi/13.2.1/../../../arm-none-eabi/lib/thumb/v7e-m+fp/hard/libnosys.a(_exit.o)
 .comment       0x00000026       0x27 /usr/lib/gcc/arm-none-eabi/13.2.1/thumb/v7e-m+fp/hard/libgcc.a(_udivmoddi4.o)
 .comment       0x00000026       0x27 /usr/lib/gcc/arm-none-eabi/13.2.1/thumb/v7e-m+fp/hard/crtend.o

.debug_info     0x00000000    0x34538
 .debug_info    0x00000000     0x15cd build/main.o
 .debug_info    0x000015cd      0x510 build/gpio.o
 .debug_info    0x00001add     0x10fd build/tim.o
 .debug_info    0x00002bda      0xaee build/usart.o
 .debug_info    0x000036c8      0x157 build/stm32f4xx_it.o
 .debug_info    0x0000381f      0x2df build/stm32f4xx_hal_msp.o
 .debug_info    0x00003afe     0x4188 build/stm32f4xx_hal_tim.o
 .debug_info    0x00007c86     0x1d8d build/stm32f4xx_hal_tim_ex.o
 .debug_info    0x00009a13      0xbda build/stm32f4xx_hal_rcc.o
 .debug_info    0x0000a5ed      0x824 build/stm32f4xx_hal_gpio.o
 .debug_info    0x0000ae11     0x11bc build/stm32f4xx_hal_cortex.o
 .debug_info    0x0000bfcd      0xaee build/stm32f4xx_hal.o
 .debug_info    0x0000cabb     0x436d build/stm32f4xx_hal_uart.o
 .debug_info    0x00010e28      0x59b build/system_stm32f4xx.o
 .debug_info    0x000113c3      0xa09 build/usart_comm.o
 .debug_info    0x00011dcc      0xd8a build/hcsr04.o
 .debug_info    0x00012b56      0x834 build/servo.o
 .debug_info    0x0001338a       0x30 build/startup_stm32f407xx.o
 .debug_info    0x000133ba      0x87b /usr/lib/gcc/arm-none-eabi/13.2.1/../../../arm-none-eabi/lib/thumb/v7e-m+fp/hard/libc_nano.a(libc_a-sprintf.o)
 .debug_info    0x00013c35      0x70b /usr/lib/gcc/arm-none-eabi/13.2.1/../../../arm-none-eabi/lib/thumb/v7e-m+fp/hard/libc_nano.a(libc_a-impure.o)
 .debug_info    0x00014340     0x1092 /usr/lib/gcc/arm-none-eabi/13.2.1/../../../arm-none-eabi/lib/thumb/v7e-m+fp/hard/libc_nano.a(libc_a-nano-svfprintf.o)
 .debug_info    0x000153d2      0x10b /usr/lib/gcc/arm-none-eabi/13.2.1/../../../arm-none-eabi/lib/thumb/v7e-m+fp/hard/libc_nano.a(libc_a-init.o)
 .debug_info    0x000154dd      0x8ec /usr/lib/gcc/arm-none-eabi/13.2.1/../../../arm-none-eabi/lib/thumb/v7e-m+fp/hard/libc_nano.a(libc_a-sscanf.o)
 .debug_info    0x00015dc9       0x33 /usr/lib/gcc/arm-none-eabi/13.2.1/../../../arm-none-eabi/lib/thumb/v7e-m+fp/hard/libc_nano.a(libc_a-strlen.o)
 .debug_info    0x00015dfc      0x135 /usr/lib/gcc/arm-none-eabi/13.2.1/../../../arm-none-eabi/lib/thumb/v7e-m+fp/hard/libc_nano.a(libc_a-memset.o)
 .debug_info    0x00015f31     0x13f9 /usr/lib/gcc/arm-none-eabi/13.2.1/../../../arm-none-eabi/lib/thumb/v7e-m+fp/hard/libc_nano.a(libc_a-nano-vfprintf_float.o)
 .debug_info    0x0001732a      0x9b6 /usr/lib/gcc/arm-none-eabi/13.2.1/../../../arm-none-eabi/lib/thumb/v7e-m+fp/hard/libc_nano.a(libc_a-mallocr.o)
 .debug_info    0x00017ce0     0x1952 /usr/lib/gcc/arm-none-eabi/13.2.1/../../../arm-none-eabi/lib/thumb/v7e-m+fp/hard/libc_nano.a(libc_a-dtoa.o)
 .debug_info    0x00019632      0x87f /usr/lib/gcc/arm-none-eabi/13.2.1/../../../arm-none-eabi/lib/thumb/v7e-m+fp/hard/libc_nano.a(libc_a-freer.o)
 .debug_info    0x00019eb1      0x148 /usr/lib/gcc/arm-none-eabi/13.2.1/../../../arm-none-eabi/lib/thumb/v7e-m+fp/hard/libc_nano.a(libc_a-memmove.o)
 .debug_info    0x00019ff9       0x25 /usr/lib/gcc/arm-none-eabi/13.2.1/../../../arm-none-eabi/lib/thumb/v7e-m+fp/hard/libc_nano.a(libc_a-memchr.o)
 .debug_info    0x0001a01e       0x33 /usr/lib/gcc/arm-none-eabi/13.2.1/../../../arm-none-eabi/lib/thumb/v7e-m+fp/hard/libc_nano.a(libc_a-memcpy.o)
 .debug_info    0x0001a051      0x796 /usr/lib/gcc/arm-none-eabi/13.2.1/../../../arm-none-eabi/lib/thumb/v7e-m+fp/hard/libc_nano.a(libc_a-malloc.o)
 .debug_info    0x0001a7e7      0x14a /usr/lib/gcc/arm-none-eabi/13.2.1/../../../arm-none-eabi/lib/thumb/v7e-m+fp/hard/libc_nano.a(libc_a-strncpy.o)
 .debug_info    0x0001a931      0x8cd /usr/lib/gcc/arm-none-eabi/13.2.1/../../../arm-none-eabi/lib/thumb/v7e-m+fp/hard/libc_nano.a(libc_a-reallocr.o)
 .debug_info    0x0001b1fe      0xdd7 /usr/lib/gcc/arm-none-eabi/13.2.1/../../../arm-none-eabi/lib/thumb/v7e-m+fp/hard/libc_nano.a(libc_a-nano-vfprintf_i.o)
 .debug_info    0x0001bfd5      0x71c /usr/lib/gcc/arm-none-eabi/13.2.1/../../../arm-none-eabi/lib/thumb/v7e-m+fp/hard/libc_nano.a(libc_a-mlock.o)
 .debug_info    0x0001c6f1       0x33 /usr/lib/gcc/arm-none-eabi/13.2.1/../../../arm-none-eabi/lib/thumb/v7e-m+fp/hard/libc_nano.a(libc_a-strcmp.o)
 .debug_info    0x0001c724      0x825 /usr/lib/gcc/arm-none-eabi/13.2.1/../../../arm-none-eabi/lib/thumb/v7e-m+fp/hard/libc_nano.a(libc_a-assert.o)
 .debug_info    0x0001cf49     0x1f25 /usr/lib/gcc/arm-none-eabi/13.2.1/../../../arm-none-eabi/lib/thumb/v7e-m+fp/hard/libc_nano.a(libc_a-mprec.o)
 .debug_info    0x0001ee6e      0x778 /usr/lib/gcc/arm-none-eabi/13.2.1/../../../arm-none-eabi/lib/thumb/v7e-m+fp/hard/libc_nano.a(libc_a-sbrkr.o)
 .debug_info    0x0001f5e6      0xa80 /usr/lib/gcc/arm-none-eabi/13.2.1/../../../arm-none-eabi/lib/thumb/v7e-m+fp/hard/libc_nano.a(libc_a-stdio.o)
 .debug_info    0x00020066      0x78a /usr/lib/gcc/arm-none-eabi/13.2.1/../../../arm-none-eabi/lib/thumb/v7e-m+fp/hard/libc_nano.a(libc_a-msizer.o)
 .debug_info    0x000207f0      0xa0e /usr/lib/gcc/arm-none-eabi/13.2.1/../../../arm-none-eabi/lib/thumb/v7e-m+fp/hard/libc_nano.a(libc_a-localeconv.o)
 .debug_info    0x000211fe      0xefb /usr/lib/gcc/arm-none-eabi/13.2.1/../../../arm-none-eabi/lib/thumb/v7e-m+fp/hard/libc_nano.a(libc_a-nano-svfscanf.o)
 .debug_info    0x000220f9      0xda7 /usr/lib/gcc/arm-none-eabi/13.2.1/../../../arm-none-eabi/lib/thumb/v7e-m+fp/hard/libc_nano.a(libc_a-nano-vfscanf_i.o)
 .debug_info    0x00022ea0      0xe8c /usr/lib/gcc/arm-none-eabi/13.2.1/../../../arm-none-eabi/lib/thumb/v7e-m+fp/hard/libc_nano.a(libc_a-findfp.o)
 .debug_info    0x00023d2c       0xd8 /usr/lib/gcc/arm-none-eabi/13.2.1/../../../arm-none-eabi/lib/thumb/v7e-m+fp/hard/libc_nano.a(libc_a-abort.o)
 .debug_info    0x00023e04      0x752 /usr/lib/gcc/arm-none-eabi/13.2.1/../../../arm-none-eabi/lib/thumb/v7e-m+fp/hard/libc_nano.a(libc_a-closer.o)
 .debug_info    0x00024556      0xa33 /usr/lib/gcc/arm-none-eabi/13.2.1/../../../arm-none-eabi/lib/thumb/v7e-m+fp/hard/libc_nano.a(libc_a-fflush.o)
 .debug_info    0x00024f89      0x7c9 /usr/lib/gcc/arm-none-eabi/13.2.1/../../../arm-none-eabi/lib/thumb/v7e-m+fp/hard/libc_nano.a(libc_a-callocr.o)
 .debug_info    0x00025752      0xbb9 /usr/lib/gcc/arm-none-eabi/13.2.1/../../../arm-none-eabi/lib/thumb/v7e-m+fp/hard/libc_nano.a(libc_a-locale.o)
 .debug_info    0x0002630b      0xd77 /usr/lib/gcc/arm-none-eabi/13.2.1/../../../arm-none-eabi/lib/thumb/v7e-m+fp/hard/libc_nano.a(libc_a-strtol.o)
 .debug_info    0x00027082      0x7c8 /usr/lib/gcc/arm-none-eabi/13.2.1/../../../arm-none-eabi/lib/thumb/v7e-m+fp/hard/libc_nano.a(libc_a-fwalk.o)
 .debug_info    0x0002784a      0xa6c /usr/lib/gcc/arm-none-eabi/13.2.1/../../../arm-none-eabi/lib/thumb/v7e-m+fp/hard/libc_nano.a(libc_a-wctomb_r.o)
 .debug_info    0x000282b6      0x7b5 /usr/lib/gcc/arm-none-eabi/13.2.1/../../../arm-none-eabi/lib/thumb/v7e-m+fp/hard/libc_nano.a(libc_a-readr.o)
 .debug_info    0x00028a6b      0x85d /usr/lib/gcc/arm-none-eabi/13.2.1/../../../arm-none-eabi/lib/thumb/v7e-m+fp/hard/libc_nano.a(libc_a-fprintf.o)
 .debug_info    0x000292c8      0x89f /usr/lib/gcc/arm-none-eabi/13.2.1/../../../arm-none-eabi/lib/thumb/v7e-m+fp/hard/libc_nano.a(libc_a-reent.o)
 .debug_info    0x00029b67      0x10e /usr/lib/gcc/arm-none-eabi/13.2.1/../../../arm-none-eabi/lib/thumb/v7e-m+fp/hard/libc_nano.a(libc_a-sccl.o)
 .debug_info    0x00029c75      0x79e /usr/lib/gcc/arm-none-eabi/13.2.1/../../../arm-none-eabi/lib/thumb/v7e-m+fp/hard/libc_nano.a(libc_a-lseekr.o)
 .debug_info    0x0002a413      0x947 /usr/lib/gcc/arm-none-eabi/13.2.1/../../../arm-none-eabi/lib/thumb/v7e-m+fp/hard/libc_nano.a(libc_a-ungetc.o)
 .debug_info    0x0002ad5a       0xb9 /usr/lib/gcc/arm-none-eabi/13.2.1/../../../arm-none-eabi/lib/thumb/v7e-m+fp/hard/libc_nano.a(libc_a-ctype_.o)
 .debug_info    0x0002ae13      0x7bb /usr/lib/gcc/arm-none-eabi/13.2.1/../../../arm-none-eabi/lib/thumb/v7e-m+fp/hard/libc_nano.a(libc_a-writer.o)
 .debug_info    0x0002b5ce     0x108a /usr/lib/gcc/arm-none-eabi/13.2.1/../../../arm-none-eabi/lib/thumb/v7e-m+fp/hard/libc_nano.a(libc_a-nano-vfprintf.o)
 .debug_info    0x0002c658      0x863 /usr/lib/gcc/arm-none-eabi/13.2.1/../../../arm-none-eabi/lib/thumb/v7e-m+fp/hard/libc_nano.a(libc_a-wbuf.o)
 .debug_info    0x0002cebb      0xcd9 /usr/lib/gcc/arm-none-eabi/13.2.1/../../../arm-none-eabi/lib/thumb/v7e-m+fp/hard/libc_nano.a(libc_a-strtoul.o)
 .debug_info    0x0002db94      0xaf1 /usr/lib/gcc/arm-none-eabi/13.2.1/../../../arm-none-eabi/lib/thumb/v7e-m+fp/hard/libc_nano.a(libc_a-fvwrite.o)
 .debug_info    0x0002e685      0xab0 /usr/lib/gcc/arm-none-eabi/13.2.1/../../../arm-none-eabi/lib/thumb/v7e-m+fp/hard/libc_nano.a(libc_a-mbtowc_r.o)
 .debug_info    0x0002f135      0xc39 /usr/lib/gcc/arm-none-eabi/13.2.1/../../../arm-none-eabi/lib/thumb/v7e-m+fp/hard/libc_nano.a(libc_a-signal.o)
 .debug_info    0x0002fd6e      0x6f1 /usr/lib/gcc/arm-none-eabi/13.2.1/../../../arm-none-eabi/lib/thumb/v7e-m+fp/hard/libc_nano.a(libc_a-errno.o)
 .debug_info    0x0003045f      0x7b1 /usr/lib/gcc/arm-none-eabi/13.2.1/../../../arm-none-eabi/lib/thumb/v7e-m+fp/hard/libc_nano.a(libc_a-wsetup.o)
 .debug_info    0x00030c10      0xbe6 /usr/lib/gcc/arm-none-eabi/13.2.1/../../../arm-none-eabi/lib/thumb/v7e-m+fp/hard/libc_nano.a(libc_a-makebuf.o)
 .debug_info    0x000317f6      0x752 /usr/lib/gcc/arm-none-eabi/13.2.1/../../../arm-none-eabi/lib/thumb/v7e-m+fp/hard/libc_nano.a(libc_a-isattyr.o)
 .debug_info    0x00031f48      0x7df /usr/lib/gcc/arm-none-eabi/13.2.1/../../../arm-none-eabi/lib/thumb/v7e-m+fp/hard/libc_nano.a(libc_a-signalr.o)
 .debug_info    0x00032727      0x977 /usr/lib/gcc/arm-none-eabi/13.2.1/../../../arm-none-eabi/lib/thumb/v7e-m+fp/hard/libc_nano.a(libc_a-fstatr.o)
 .debug_info    0x0003309e       0xde /usr/lib/gcc/arm-none-eabi/13.2.1/../../../arm-none-eabi/lib/thumb/v7e-m+fp/hard/libnosys.a(close.o)
 .debug_info    0x0003317c      0x2f7 /usr/lib/gcc/arm-none-eabi/13.2.1/../../../arm-none-eabi/lib/thumb/v7e-m+fp/hard/libnosys.a(fstat.o)
 .debug_info    0x00033473       0xc9 /usr/lib/gcc/arm-none-eabi/13.2.1/../../../arm-none-eabi/lib/thumb/v7e-m+fp/hard/libnosys.a(getpid.o)
 .debug_info    0x0003353c       0xde /usr/lib/gcc/arm-none-eabi/13.2.1/../../../arm-none-eabi/lib/thumb/v7e-m+fp/hard/libnosys.a(isatty.o)
 .debug_info    0x0003361a       0xec /usr/lib/gcc/arm-none-eabi/13.2.1/../../../arm-none-eabi/lib/thumb/v7e-m+fp/hard/libnosys.a(kill.o)
 .debug_info    0x00033706      0x100 /usr/lib/gcc/arm-none-eabi/13.2.1/../../../arm-none-eabi/lib/thumb/v7e-m+fp/hard/libnosys.a(lseek.o)
 .debug_info    0x00033806      0x106 /usr/lib/gcc/arm-none-eabi/13.2.1/../../../arm-none-eabi/lib/thumb/v7e-m+fp/hard/libnosys.a(read.o)
 .debug_info    0x0003390c       0xac /usr/lib/gcc/arm-none-eabi/13.2.1/../../../arm-none-eabi/lib/thumb/v7e-m+fp/hard/libnosys.a(sbrk.o)
 .debug_info    0x000339b8      0x106 /usr/lib/gcc/arm-none-eabi/13.2.1/../../../arm-none-eabi/lib/thumb/v7e-m+fp/hard/libnosys.a(write.o)
 .debug_info    0x00033abe       0xa4 /usr/lib/gcc/arm-none-eabi/13.2.1/../../../arm-none-eabi/lib/thumb/v7e-m+fp/hard/libnosys.a(_exit.o)
 .debug_info    0x00033b62       0xd3 /usr/lib/gcc/arm-none-eabi/13.2.1/thumb/v7e-m+fp/hard/libgcc.a(_arm_addsubdf3.o)
 .debug_info    0x00033c35       0x57 /usr/lib/gcc/arm-none-eabi/13.2.1/thumb/v7e-m+fp/hard/libgcc.a(_arm_muldivdf3.o)
 .debug_info    0x00033c8c       0xdf /usr/lib/gcc/arm-none-eabi/13.2.1/thumb/v7e-m+fp/hard/libgcc.a(_arm_cmpdf2.o)
 .debug_info    0x00033d6b       0x3c /usr/lib/gcc/arm-none-eabi/13.2.1/thumb/v7e-m+fp/hard/libgcc.a(_arm_unorddf2.o)
 .debug_info    0x00033da7       0x3c /usr/lib/gcc/arm-none-eabi/13.2.1/thumb/v7e-m+fp/hard/libgcc.a(_arm_fixdfsi.o)
 .debug_info    0x00033de3       0x24 /usr/lib/gcc/arm-none-eabi/13.2.1/thumb/v7e-m+fp/hard/libgcc.a(_aeabi_uldivmod.o)
 .debug_info    0x00033e07      0x6f5 /usr/lib/gcc/arm-none-eabi/13.2.1/thumb/v7e-m+fp/hard/libgcc.a(_udivmoddi4.o)
 .debug_info    0x000344fc       0x3c /usr/lib/gcc/arm-none-eabi/13.2.1/thumb/v7e-m+fp/hard/libgcc.a(_dvmd_tls.o)

.debug_abbrev   0x00000000     0x9d7b
 .debug_abbrev  0x00000000      0x340 build/main.o
 .debug_abbrev  0x00000340      0x160 build/gpio.o
 .debug_abbrev  0x000004a0      0x250 build/tim.o
 .debug_abbrev  0x000006f0      0x20f build/usart.o
 .debug_abbrev  0x000008ff       0x80 build/stm32f4xx_it.o
 .debug_abbrev  0x0000097f       0xd3 build/stm32f4xx_hal_msp.o
 .debug_abbrev  0x00000a52      0x2bd build/stm32f4xx_hal_tim.o
 .debug_abbrev  0x00000d0f      0x2b7 build/stm32f4xx_hal_tim_ex.o
 .debug_abbrev  0x00000fc6      0x2de build/stm32f4xx_hal_rcc.o
 .debug_abbrev  0x000012a4      0x22b build/stm32f4xx_hal_gpio.o
 .debug_abbrev  0x000014cf      0x3ca build/stm32f4xx_hal_cortex.o
 .debug_abbrev  0x00001899      0x244 build/stm32f4xx_hal.o
 .debug_abbrev  0x00001add      0x36f build/stm32f4xx_hal_uart.o
 .debug_abbrev  0x00001e4c      0x11b build/system_stm32f4xx.o
 .debug_abbrev  0x00001f67      0x240 build/usart_comm.o
 .debug_abbrev  0x000021a7      0x2b0 build/hcsr04.o
 .debug_abbrev  0x00002457      0x1d9 build/servo.o
 .debug_abbrev  0x00002630       0x1d build/startup_stm32f407xx.o
 .debug_abbrev  0x0000264d      0x21c /usr/lib/gcc/arm-none-eabi/13.2.1/../../../arm-none-eabi/lib/thumb/v7e-m+fp/hard/libc_nano.a(libc_a-sprintf.o)
 .debug_abbrev  0x00002869      0x149 /usr/lib/gcc/arm-none-eabi/13.2.1/../../../arm-none-eabi/lib/thumb/v7e-m+fp/hard/libc_nano.a(libc_a-impure.o)
 .debug_abbrev  0x000029b2      0x32f /usr/lib/gcc/arm-none-eabi/13.2.1/../../../arm-none-eabi/lib/thumb/v7e-m+fp/hard/libc_nano.a(libc_a-nano-svfprintf.o)
 .debug_abbrev  0x00002ce1       0xc9 /usr/lib/gcc/arm-none-eabi/13.2.1/../../../arm-none-eabi/lib/thumb/v7e-m+fp/hard/libc_nano.a(libc_a-init.o)
 .debug_abbrev  0x00002daa      0x226 /usr/lib/gcc/arm-none-eabi/13.2.1/../../../arm-none-eabi/lib/thumb/v7e-m+fp/hard/libc_nano.a(libc_a-sscanf.o)
 .debug_abbrev  0x00002fd0       0x28 /usr/lib/gcc/arm-none-eabi/13.2.1/../../../arm-none-eabi/lib/thumb/v7e-m+fp/hard/libc_nano.a(libc_a-strlen.o)
 .debug_abbrev  0x00002ff8       0xb7 /usr/lib/gcc/arm-none-eabi/13.2.1/../../../arm-none-eabi/lib/thumb/v7e-m+fp/hard/libc_nano.a(libc_a-memset.o)
 .debug_abbrev  0x000030af      0x2e2 /usr/lib/gcc/arm-none-eabi/13.2.1/../../../arm-none-eabi/lib/thumb/v7e-m+fp/hard/libc_nano.a(libc_a-nano-vfprintf_float.o)
 .debug_abbrev  0x00003391      0x24a /usr/lib/gcc/arm-none-eabi/13.2.1/../../../arm-none-eabi/lib/thumb/v7e-m+fp/hard/libc_nano.a(libc_a-mallocr.o)
 .debug_abbrev  0x000035db      0x333 /usr/lib/gcc/arm-none-eabi/13.2.1/../../../arm-none-eabi/lib/thumb/v7e-m+fp/hard/libc_nano.a(libc_a-dtoa.o)
 .debug_abbrev  0x0000390e      0x249 /usr/lib/gcc/arm-none-eabi/13.2.1/../../../arm-none-eabi/lib/thumb/v7e-m+fp/hard/libc_nano.a(libc_a-freer.o)
 .debug_abbrev  0x00003b57       0xc3 /usr/lib/gcc/arm-none-eabi/13.2.1/../../../arm-none-eabi/lib/thumb/v7e-m+fp/hard/libc_nano.a(libc_a-memmove.o)
 .debug_abbrev  0x00003c1a       0x14 /usr/lib/gcc/arm-none-eabi/13.2.1/../../../arm-none-eabi/lib/thumb/v7e-m+fp/hard/libc_nano.a(libc_a-memchr.o)
 .debug_abbrev  0x00003c2e       0x28 /usr/lib/gcc/arm-none-eabi/13.2.1/../../../arm-none-eabi/lib/thumb/v7e-m+fp/hard/libc_nano.a(libc_a-memcpy.o)
 .debug_abbrev  0x00003c56      0x1cf /usr/lib/gcc/arm-none-eabi/13.2.1/../../../arm-none-eabi/lib/thumb/v7e-m+fp/hard/libc_nano.a(libc_a-malloc.o)
 .debug_abbrev  0x00003e25       0xbe /usr/lib/gcc/arm-none-eabi/13.2.1/../../../arm-none-eabi/lib/thumb/v7e-m+fp/hard/libc_nano.a(libc_a-strncpy.o)
 .debug_abbrev  0x00003ee3      0x20c /usr/lib/gcc/arm-none-eabi/13.2.1/../../../arm-none-eabi/lib/thumb/v7e-m+fp/hard/libc_nano.a(libc_a-reallocr.o)
 .debug_abbrev  0x000040ef      0x284 /usr/lib/gcc/arm-none-eabi/13.2.1/../../../arm-none-eabi/lib/thumb/v7e-m+fp/hard/libc_nano.a(libc_a-nano-vfprintf_i.o)
 .debug_abbrev  0x00004373      0x192 /usr/lib/gcc/arm-none-eabi/13.2.1/../../../arm-none-eabi/lib/thumb/v7e-m+fp/hard/libc_nano.a(libc_a-mlock.o)
 .debug_abbrev  0x00004505       0x28 /usr/lib/gcc/arm-none-eabi/13.2.1/../../../arm-none-eabi/lib/thumb/v7e-m+fp/hard/libc_nano.a(libc_a-strcmp.o)
 .debug_abbrev  0x0000452d      0x1ea /usr/lib/gcc/arm-none-eabi/13.2.1/../../../arm-none-eabi/lib/thumb/v7e-m+fp/hard/libc_nano.a(libc_a-assert.o)
 .debug_abbrev  0x00004717      0x493 /usr/lib/gcc/arm-none-eabi/13.2.1/../../../arm-none-eabi/lib/thumb/v7e-m+fp/hard/libc_nano.a(libc_a-mprec.o)
 .debug_abbrev  0x00004baa      0x1da /usr/lib/gcc/arm-none-eabi/13.2.1/../../../arm-none-eabi/lib/thumb/v7e-m+fp/hard/libc_nano.a(libc_a-sbrkr.o)
 .debug_abbrev  0x00004d84      0x224 /usr/lib/gcc/arm-none-eabi/13.2.1/../../../arm-none-eabi/lib/thumb/v7e-m+fp/hard/libc_nano.a(libc_a-stdio.o)
 .debug_abbrev  0x00004fa8      0x196 /usr/lib/gcc/arm-none-eabi/13.2.1/../../../arm-none-eabi/lib/thumb/v7e-m+fp/hard/libc_nano.a(libc_a-msizer.o)
 .debug_abbrev  0x0000513e      0x22e /usr/lib/gcc/arm-none-eabi/13.2.1/../../../arm-none-eabi/lib/thumb/v7e-m+fp/hard/libc_nano.a(libc_a-localeconv.o)